Component: ARM Compiler 6.14.1 Tool: armlink [5db06d00]

==============================================================================

Section Cross References

    i2c.o(.ARM.exidx.text.I2C_Init) refers to i2c.o(.text.I2C_Init) for [Anonymous Symbol]
    i2c.o(.text.I2C_Ping) refers to i2c.o(.text.i2c_enable) for i2c_enable
    i2c.o(.text.I2C_Ping) refers to i2c.o(.text.i2c_tran) for i2c_tran
    i2c.o(.text.I2C_Ping) refers to i2c.o(.text.i2c_m_start) for i2c_m_start
    i2c.o(.text.I2C_Ping) refers to i2c.o(.text.i2c_send) for i2c_send
    i2c.o(.text.I2C_Ping) refers to i2c.o(.text.i2c_wait) for i2c_wait
    i2c.o(.text.I2C_Ping) refers to i2c.o(.text.i2c_m_stop) for i2c_m_stop
    i2c.o(.text.I2C_Ping) refers to i2c.o(.text.i2c_disable) for i2c_disable
    i2c.o(.text.I2C_Ping) refers to i2c.o(.bss.error) for [Anonymous Symbol]
    i2c.o(.ARM.exidx.text.I2C_Ping) refers to i2c.o(.text.I2C_Ping) for [Anonymous Symbol]
    i2c.o(.ARM.exidx.text.i2c_enable) refers to i2c.o(.text.i2c_enable) for [Anonymous Symbol]
    i2c.o(.ARM.exidx.text.i2c_tran) refers to i2c.o(.text.i2c_tran) for [Anonymous Symbol]
    i2c.o(.ARM.exidx.text.i2c_m_start) refers to i2c.o(.text.i2c_m_start) for [Anonymous Symbol]
    i2c.o(.ARM.exidx.text.i2c_send) refers to i2c.o(.text.i2c_send) for [Anonymous Symbol]
    i2c.o(.text.i2c_wait) refers to i2c.o(.text.i2c_clr_IICIF) for i2c_clr_IICIF
    i2c.o(.text.i2c_wait) refers to i2c.o(.bss.error) for [Anonymous Symbol]
    i2c.o(.ARM.exidx.text.i2c_wait) refers to i2c.o(.text.i2c_wait) for [Anonymous Symbol]
    i2c.o(.ARM.exidx.text.i2c_m_stop) refers to i2c.o(.text.i2c_m_stop) for [Anonymous Symbol]
    i2c.o(.ARM.exidx.text.i2c_disable) refers to i2c.o(.text.i2c_disable) for [Anonymous Symbol]
    i2c.o(.text.I2C_Write) refers to i2c.o(.text.i2c_enable) for i2c_enable
    i2c.o(.text.I2C_Write) refers to i2c.o(.text.i2c_tran) for i2c_tran
    i2c.o(.text.I2C_Write) refers to i2c.o(.text.i2c_m_start) for i2c_m_start
    i2c.o(.text.I2C_Write) refers to i2c.o(.text.i2c_send) for i2c_send
    i2c.o(.text.I2C_Write) refers to i2c.o(.text.i2c_wait) for i2c_wait
    i2c.o(.text.I2C_Write) refers to i2c.o(.text.i2c_m_stop) for i2c_m_stop
    i2c.o(.text.I2C_Write) refers to i2c.o(.text.i2c_disable) for i2c_disable
    i2c.o(.text.I2C_Write) refers to i2c.o(.bss.error) for [Anonymous Symbol]
    i2c.o(.ARM.exidx.text.I2C_Write) refers to i2c.o(.text.I2C_Write) for [Anonymous Symbol]
    i2c.o(.ARM.exidx.text.i2c_m_rstart) refers to i2c.o(.text.i2c_m_rstart) for [Anonymous Symbol]
    i2c.o(.ARM.exidx.text.i2c_clr_IICIF) refers to i2c.o(.text.i2c_clr_IICIF) for [Anonymous Symbol]
    lcd1602.o(.text.LCD1602_Init) refers to i2c.o(.text.I2C_Init) for I2C_Init
    lcd1602.o(.text.LCD1602_Init) refers to lcd1602.o(.text.LCD1602_CheckAddress) for LCD1602_CheckAddress
    lcd1602.o(.text.LCD1602_Init) refers to lcd1602.o(.text.LCD1602_Write8) for LCD1602_Write8
    lcd1602.o(.ARM.exidx.text.LCD1602_Init) refers to lcd1602.o(.text.LCD1602_Init) for [Anonymous Symbol]
    lcd1602.o(.text.LCD1602_CheckAddress) refers to i2c.o(.text.I2C_Write) for I2C_Write
    lcd1602.o(.text.LCD1602_CheckAddress) refers to lcd1602.o(.bss.pcf_address) for [Anonymous Symbol]
    lcd1602.o(.ARM.exidx.text.LCD1602_CheckAddress) refers to lcd1602.o(.text.LCD1602_CheckAddress) for [Anonymous Symbol]
    lcd1602.o(.text.LCD1602_Write8) refers to lcd1602.o(.text.LCD1602_Write4) for LCD1602_Write4
    lcd1602.o(.ARM.exidx.text.LCD1602_Write8) refers to lcd1602.o(.text.LCD1602_Write8) for [Anonymous Symbol]
    lcd1602.o(.text.LCD1602_SetCursor) refers to lcd1602.o(.text.LCD1602_Write8) for LCD1602_Write8
    lcd1602.o(.ARM.exidx.text.LCD1602_SetCursor) refers to lcd1602.o(.text.LCD1602_SetCursor) for [Anonymous Symbol]
    lcd1602.o(.text.LCD1602_ClearAll) refers to lcd1602.o(.text.LCD1602_Write8) for LCD1602_Write8
    lcd1602.o(.ARM.exidx.text.LCD1602_ClearAll) refers to lcd1602.o(.text.LCD1602_ClearAll) for [Anonymous Symbol]
    lcd1602.o(.text.LCD1602_Print) refers to lcd1602.o(.text.LCD1602_Write8) for LCD1602_Write8
    lcd1602.o(.ARM.exidx.text.LCD1602_Print) refers to lcd1602.o(.text.LCD1602_Print) for [Anonymous Symbol]
    lcd1602.o(.text.LCD1602_PrintNum) refers to lcd1602.o(.text.itoa) for itoa
    lcd1602.o(.text.LCD1602_PrintNum) refers to lcd1602.o(.text.LCD1602_Print) for LCD1602_Print
    lcd1602.o(.ARM.exidx.text.LCD1602_PrintNum) refers to lcd1602.o(.text.LCD1602_PrintNum) for [Anonymous Symbol]
    lcd1602.o(.text.itoa) refers to aeabi_sdivfast.o(.text_divfast) for __aeabi_idiv
    lcd1602.o(.ARM.exidx.text.itoa) refers to lcd1602.o(.text.itoa) for [Anonymous Symbol]
    lcd1602.o(.text.LCD1602_Backlight) refers to lcd1602.o(.text.PCF8574_Write) for PCF8574_Write
    lcd1602.o(.text.LCD1602_Backlight) refers to lcd1602.o(.data.lcd_backlight) for [Anonymous Symbol]
[...]
    _printf_i.o(.ARM.Collect$$_printf_percent$$00000008) refers (Weak) to _printf_dec.o(.text) for _printf_int_dec
    _printf_percent.o(.ARM.Collect$$_printf_percent$$00000000) refers (Special) to _printf_percent_end.o(.ARM.Collect$$_printf_percent$$00000017) for _printf_percent_end
    __main.o(!!!main) refers to __rtentry.o(.ARM.Collect$$rtentry$$00000000) for __rt_entry
    faddsub.o(x$fpl$fadd) refers (Special) to usenofp.o(x$fpl$usenofp) for __I$use$fp
    faddsub.o(x$fpl$fadd) refers to faddsub.o(x$fpl$fsub) for _fsub1
    faddsub.o(x$fpl$frsb) refers (Special) to usenofp.o(x$fpl$usenofp) for __I$use$fp
    faddsub.o(x$fpl$frsb) refers to faddsub.o(x$fpl$fsub) for _fsub1
    faddsub.o(x$fpl$frsb) refers to faddsub.o(x$fpl$fadd) for _fadd1
    faddsub.o(x$fpl$fsub) refers (Special) to usenofp.o(x$fpl$usenofp) for __I$use$fp
    faddsub.o(x$fpl$fsub) refers to faddsub.o(x$fpl$fadd) for _fadd1
    ffixi.o(.text) refers (Special) to usenofp.o(x$fpl$usenofp) for __I$use$fp
    fflti.o(.text) refers (Special) to usenofp.o(x$fpl$usenofp) for __I$use$fp
    fmul.o(x$fpl$fmul) refers (Special) to usenofp.o(x$fpl$usenofp) for __I$use$fp
    __rtentry.o(.ARM.Collect$$rtentry$$00000000) refers (Special) to __rtentry2.o(.ARM.Collect$$rtentry$$0000000A) for __rt_entry_li
    __rtentry.o(.ARM.Collect$$rtentry$$00000000) refers (Special) to __rtentry2.o(.ARM.Collect$$rtentry$$0000000D) for __rt_entry_main
    __rtentry.o(.ARM.Collect$$rtentry$$00000000) refers (Special) to __rtentry2.o(.ARM.Collect$$rtentry$$0000000C) for __rt_entry_postli_1
    __rtentry.o(.ARM.Collect$$rtentry$$00000000) refers (Special) to __rtentry2.o(.ARM.Collect$$rtentry$$00000009) for __rt_entry_postsh_1
    __rtentry.o(.ARM.Collect$$rtentry$$00000000) refers (Special) to __rtentry2.o(.ARM.Collect$$rtentry$$00000002) for __rt_entry_presh_1
    __rtentry.o(.ARM.Collect$$rtentry$$00000000) refers (Special) to __rtentry4.o(.ARM.Collect$$rtentry$$00000004) for __rt_entry_sh
    aeabi_idiv0_sigfpe.o(.text) refers to rt_div0.o(.text) for __rt_div0
    _printf_char_common.o(.text) refers to __printf.o(.text) for __printf
    __rtentry2.o(.ARM.Collect$$rtentry$$00000008) refers to boardinit2.o(.text) for _platform_post_stackheap_init
    __rtentry2.o(.ARM.Collect$$rtentry$$0000000A) refers to libinit.o(.ARM.Collect$$libinit$$00000000) for __rt_lib_init
    __rtentry2.o(.ARM.Collect$$rtentry$$0000000B) refers to boardinit3.o(.text) for _platform_post_lib_init
    __rtentry2.o(.ARM.Collect$$rtentry$$0000000D) refers to main.o(.text.main) for main
    __rtentry2.o(.ARM.Collect$$rtentry$$0000000D) refers to exit.o(.text) for exit
    __rtentry2.o(.ARM.exidx) refers to __rtentry2.o(.ARM.Collect$$rtentry$$00000001) for .ARM.Collect$$rtentry$$00000001
    __rtentry2.o(.ARM.exidx) refers to __rtentry2.o(.ARM.Collect$$rtentry$$00000008) for .ARM.Collect$$rtentry$$00000008
    __rtentry2.o(.ARM.exidx) refers to __rtentry2.o(.ARM.Collect$$rtentry$$0000000A) for .ARM.Collect$$rtentry$$0000000A
    __rtentry2.o(.ARM.exidx) refers to __rtentry2.o(.ARM.Collect$$rtentry$$0000000B) for .ARM.Collect$$rtentry$$0000000B
    __rtentry2.o(.ARM.exidx) refers to __rtentry2.o(.ARM.Collect$$rtentry$$0000000D) for .ARM.Collect$$rtentry$$0000000D
    __rtentry4.o(.ARM.Collect$$rtentry$$00000004) refers to sys_stackheap_outer.o(.text) for __user_setup_stackheap
    __rtentry4.o(.ARM.exidx) refers to __rtentry4.o(.ARM.Collect$$rtentry$$00000004) for .ARM.Collect$$rtentry$$00000004
    rt_div0.o(.text) refers to defsig_fpe_outer.o(.text) for __rt_SIGFPE
    sys_stackheap_outer.o(.text) refers to libspace.o(.text) for __user_perproc_libspace
    sys_stackheap_outer.o(.text) refers to startup_mkl05z4.o(.text) for __user_initial_stackheap
    sys_stackheap_outer.o(__vectab_stack_and_reset_area) refers to tempstk.o(.text) for __temporary_stack_top
    sys_stackheap_outer.o(__vectab_stack_and_reset_area) refers to __main.o(!!!main) for __main
    exit.o(.text) refers to rtexit.o(.ARM.Collect$$rtexit$$00000000) for __rt_exit
    defsig_fpe_outer.o(.text) refers to defsig_fpe_inner.o(.text) for __rt_SIGFPE_inner
    defsig_fpe_outer.o(.text) refers to defsig_exit.o(.text) for __sig_exit
    defsig_fpe_formal.o(.text) refers to rt_raise.o(.text) for __rt_raise
    libinit.o(.ARM.Collect$$libinit$$00000000) refers (Special) to libinit2.o(.ARM.Collect$$libinit$$0000002E) for __rt_lib_init_alloca_1
    libinit.o(.ARM.Collect$$libinit$$00000000) refers (Special) to libinit2.o(.ARM.Collect$$libinit$$0000002C) for __rt_lib_init_argv_1
    libinit.o(.ARM.Collect$$libinit$$00000000) refers (Special) to libinit2.o(.ARM.Collect$$libinit$$0000001B) for __rt_lib_init_atexit_1
    libinit.o(.ARM.Collect$$libinit$$00000000) refers (Special) to libinit2.o(.ARM.Collect$$libinit$$00000021) for __rt_lib_init_clock_1
    libinit.o(.ARM.Collect$$libinit$$00000000) refers (Special) to libinit2.o(.ARM.Collect$$libinit$$00000032) for __rt_lib_init_cpp_1
    libinit.o(.ARM.Collect$$libinit$$00000000) refers (Special) to libinit2.o(.ARM.Collect$$libinit$$00000030) for __rt_lib_init_exceptions_1
    libinit.o(.ARM.Collect$$libinit$$00000000) refers (Special) to libinit2.o(.ARM.Collect$$libinit$$00000002) for __rt_lib_init_fp_1
    libinit.o(.ARM.Collect$$libinit$$00000000) refers (Special) to libinit2.o(.ARM.Collect$$libinit$$0000001F) for __rt_lib_init_fp_trap_1
    libinit.o(.ARM.Collect$$libinit$$00000000) refers (Special) to libinit2.o(.ARM.Collect$$libinit$$00000023) for __rt_lib_init_getenv_1
    libinit.o(.ARM.Collect$$libinit$$00000000) refers (Special) to libinit2.o(.ARM.Collect$$libinit$$0000000A) for __rt_lib_init_heap_1
    libinit.o(.ARM.Collect$$libinit$$00000000) refers (Special) to libinit2.o(.ARM.Collect$$libinit$$00000011) for __rt_lib_init_lc_collate_1
    libinit.o(.ARM.Collect$$libinit$$00000000) refers (Special) to libinit2.o(.ARM.Collect$$libinit$$00000013) for __rt_lib_init_lc_ctype_1
    libinit.o(.ARM.Collect$$libinit$$00000000) refers (Special) to libinit2.o(.ARM.Collect$$libinit$$00000015) for __rt_lib_init_lc_monetary_1
    libinit.o(.ARM.Collect$$libinit$$00000000) refers (Special) to libinit2.o(.ARM.Collect$$libinit$$00000017) for __rt_lib_init_lc_numeric_1
    libinit.o(.ARM.Collect$$libinit$$00000000) refers (Special) to libinit2.o(.ARM.Collect$$libinit$$00000019) for __rt_lib_init_lc_time_1
    libinit.o(.ARM.Collect$$libinit$$00000000) refers (Special) to libinit2.o(.ARM.Collect$$libinit$$00000004) for __rt_lib_init_preinit_1
    libinit.o(.ARM.Collect$$libinit$$00000000) refers (Special) to libinit2.o(.ARM.Collect$$libinit$$0000000E) for __rt_lib_init_rand_1
    libinit.o(.ARM.Collect$$libinit$$00000000) refers (Special) to libinit2.o(.ARM.Collect$$libinit$$00000033) for __rt_lib_init_return
    libinit.o(.ARM.Collect$$libinit$$00000000) refers (Special) to libinit2.o(.ARM.Collect$$libinit$$0000001D) for __rt_lib_init_signal_1
    libinit.o(.ARM.Collect$$libinit$$00000000) refers (Special) to libinit2.o(.ARM.Collect$$libinit$$00000025) for __rt_lib_init_stdio_1
    libinit.o(.ARM.Collect$$libinit$$00000000) refers (Special) to libinit2.o(.ARM.Collect$$libinit$$0000000C) for __rt_lib_init_user_alloc_1
    libspace.o(.text) refers to libspace.o(.bss) for __libspace_start
    rtexit.o(.ARM.Collect$$rtexit$$00000000) refers (Special) to rtexit2.o(.ARM.Collect$$rtexit$$00000004) for __rt_exit_exit
    rtexit.o(.ARM.Collect$$rtexit$$00000000) refers (Special) to rtexit2.o(.ARM.Collect$$rtexit$$00000003) for __rt_exit_ls
    rtexit.o(.ARM.Collect$$rtexit$$00000000) refers (Special) to rtexit2.o(.ARM.Collect$$rtexit$$00000002) for __rt_exit_prels_1
    rtexit.o(.ARM.exidx) refers (Special) to rtexit2.o(.ARM.Collect$$rtexit$$00000004) for __rt_exit_exit
    rtexit.o(.ARM.exidx) refers (Special) to rtexit2.o(.ARM.Collect$$rtexit$$00000003) for __rt_exit_ls
    rtexit.o(.ARM.exidx) refers (Special) to rtexit2.o(.ARM.Collect$$rtexit$$00000002) for __rt_exit_prels_1
    rtexit.o(.ARM.exidx) refers to rtexit.o(.ARM.Collect$$rtexit$$00000000) for .ARM.Collect$$rtexit$$00000000
    rt_raise.o(.text) refers to __raise.o(.text) for __raise
    rt_raise.o(.text) refers to sys_exit.o(.text) for _sys_exit
    defsig_exit.o(.text) refers to sys_exit.o(.text) for _sys_exit
    defsig_fpe_inner.o(.text) refers to defsig_general.o(.text) for __default_signal_display
    libinit2.o(.ARM.Collect$$libinit$$00000010) refers to libinit2.o(.ARM.Collect$$libinit$$0000000F) for .ARM.Collect$$libinit$$0000000F
    libinit2.o(.ARM.Collect$$libinit$$00000012) refers to libinit2.o(.ARM.Collect$$libinit$$0000000F) for .ARM.Collect$$libinit$$0000000F
    libinit2.o(.ARM.Collect$$libinit$$00000014) refers to libinit2.o(.ARM.Collect$$libinit$$0000000F) for .ARM.Collect$$libinit$$0000000F
    libinit2.o(.ARM.Collect$$libinit$$00000016) refers to libinit2.o(.ARM.Collect$$libinit$$0000000F) for .ARM.Collect$$libinit$$0000000F
    libinit2.o(.ARM.Collect$$libinit$$00000018) refers to libinit2.o(.ARM.Collect$$libinit$$0000000F) for .ARM.Collect$$libinit$$0000000F
    libinit2.o(.ARM.Collect$$libinit$$00000026) refers to argv_veneer.o(.text) for __ARM_argv_veneer
    libinit2.o(.ARM.Collect$$libinit$$00000027) refers to argv_veneer.o(.text) for __ARM_argv_veneer
    sys_exit.o(.text) refers (Special) to use_no_semi.o(.text) for __I$use$semihosting
    sys_exit.o(.text) refers (Special) to indicate_semi.o(.text) for __semihosting_library_function
    sys_exit_hlt.o(.text) refers (Special) to use_no_semi.o(.text) for __I$use$semihosting
    sys_exit_hlt.o(.text) refers (Special) to indicate_semi.o(.text) for __semihosting_library_function
    rtexit2.o(.ARM.Collect$$rtexit$$00000003) refers to libshutdown.o(.ARM.Collect$$libshutdown$$00000000) for __rt_lib_shutdown
    rtexit2.o(.ARM.Collect$$rtexit$$00000004) refers to sys_exit.o(.text) for _sys_exit
    rtexit2.o(.ARM.exidx) refers to rtexit2.o(.ARM.Collect$$rtexit$$00000001) for .ARM.Collect$$rtexit$$00000001
    rtexit2.o(.ARM.exidx) refers to rtexit2.o(.ARM.Collect$$rtexit$$00000003) for .ARM.Collect$$rtexit$$00000003
    rtexit2.o(.ARM.exidx) refers to rtexit2.o(.ARM.Collect$$rtexit$$00000004) for .ARM.Collect$$rtexit$$00000004
    __raise.o(.text) refers to defsig.o(CL$$defsig) for __default_signal_handler
    defsig_general.o(.text) refers to sys_wrch.o(.text) for _ttywrch
    sys_wrch.o(.text) refers (Special) to use_no_semi.o(.text) for __I$use$semihosting
    sys_wrch.o(.text) refers (Special) to indicate_semi.o(.text) for __semihosting_library_function
    sys_wrch_hlt.o(.text) refers (Special) to use_no_semi.o(.text) for __I$use$semihosting
    sys_wrch_hlt.o(.text) refers (Special) to indicate_semi.o(.text) for __semihosting_library_function
    defsig.o(CL$$defsig) refers to defsig_fpe_inner.o(.text) for __rt_SIGFPE_inner
    defsig.o(CL$$defsig) refers to defsig_rtmem_inner.o(.text) for __rt_SIGRTMEM_inner
    _get_argv_nomalloc.o(.text) refers (Special) to hrguard.o(.text) for __heap_region$guard
    _get_argv_nomalloc.o(.text) refers to defsig_rtmem_outer.o(.text) for __rt_SIGRTMEM
    _get_argv_nomalloc.o(.text) refers to sys_command.o(.text) for _sys_command_string
    libshutdown.o(.ARM.Collect$$libshutdown$$00000000) refers (Special) to libshutdown2.o(.ARM.Collect$$libshutdown$$00000002) for __rt_lib_shutdown_cpp_1
    libshutdown.o(.ARM.Collect$$libshutdown$$00000000) refers (Special) to libshutdown2.o(.ARM.Collect$$libshutdown$$00000007) for __rt_lib_shutdown_fp_trap_1
    libshutdown.o(.ARM.Collect$$libshutdown$$00000000) refers (Special) to libshutdown2.o(.ARM.Collect$$libshutdown$$0000000F) for __rt_lib_shutdown_heap_1
    libshutdown.o(.ARM.Collect$$libshutdown$$00000000) refers (Special) to libshutdown2.o(.ARM.Collect$$libshutdown$$00000010) for __rt_lib_shutdown_return
    libshutdown.o(.ARM.Collect$$libshutdown$$00000000) refers (Special) to libshutdown2.o(.ARM.Collect$$libshutdown$$0000000A) for __rt_lib_shutdown_signal_1
    libshutdown.o(.ARM.Collect$$libshutdown$$00000000) refers (Special) to libshutdown2.o(.ARM.Collect$$libshutdown$$00000004) for __rt_lib_shutdown_stdio_1
    libshutdown.o(.ARM.Collect$$libshutdown$$00000000) refers (Special) to libshutdown2.o(.ARM.Collect$$libshutdown$$0000000C) for __rt_lib_shutdown_user_alloc_1
    sys_command.o(.text) refers (Special) to use_no_semi.o(.text) for __I$use$semihosting
    sys_command.o(.text) refers (Special) to indicate_semi.o(.text) for __semihosting_library_function
    sys_command_hlt.o(.text) refers (Special) to use_no_semi.o(.text) for __I$use$semihosting
    sys_command_hlt.o(.text) refers (Special) to indicate_semi.o(.text) for __semihosting_library_function
    defsig_abrt_inner.o(.text) refers to defsig_general.o(.text) for __default_signal_display
    defsig_rtred_inner.o(.text) refers to defsig_general.o(.text) for __default_signal_display
    defsig_rtmem_inner.o(.text) refers to defsig_general.o(.text) for __default_signal_display
    defsig_rtmem_outer.o(.text) refers to defsig_rtmem_inner.o(.text) for __rt_SIGRTMEM_inner
    defsig_rtmem_outer.o(.text) refers to defsig_exit.o(.text) for __sig_exit
    defsig_rtmem_formal.o(.text) refers to rt_raise.o(.text) for __rt_raise
    defsig_stak_inner.o(.text) refers to defsig_general.o(.text) for __default_signal_display
    defsig_pvfn_inner.o(.text) refers to defsig_general.o(.text) for __default_signal_display
    defsig_cppl_inner.o(.text) refers to defsig_general.o(.text) for __default_signal_display
    defsig_segv_inner.o(.text) refers to defsig_general.o(.text) for __default_signal_display
    defsig_other.o(.text) refers to defsig_general.o(.text) for __default_signal_display


==============================================================================

Removing Unused input sections from the image.

    Removing i2c.o(.text), (0 bytes).
    Removing i2c.o(.ARM.exidx.text.I2C_Init), (8 bytes).
    Removing i2c.o(.text.I2C_Ping), (52 bytes).
    Removing i2c.o(.ARM.exidx.text.I2C_Ping), (8 bytes).
    Removing i2c.o(.ARM.exidx.text.i2c_enable), (8 bytes).
    Removing i2c.o(.ARM.exidx.text.i2c_tran), (8 bytes).
    Removing i2c.o(.ARM.exidx.text.i2c_m_start), (8 bytes).
    Removing i2c.o(.ARM.exidx.text.i2c_send), (8 bytes).
    Removing i2c.o(.ARM.exidx.text.i2c_wait), (8 bytes).
    Removing i2c.o(.ARM.exidx.text.i2c_m_stop), (8 bytes).
    Removing i2c.o(.ARM.exidx.text.i2c_disable), (8 bytes).
    Removing i2c.o(.ARM.exidx.text.I2C_Write), (8 bytes).
    Removing i2c.o(.text.i2c_m_rstart), (16 bytes).
    Removing i2c.o(.ARM.exidx.text.i2c_m_rstart), (8 bytes).
    Removing i2c.o(.ARM.exidx.text.i2c_clr_IICIF), (8 bytes).
    Removing lcd1602.o(.text), (0 bytes).
    Removing lcd1602.o(.ARM.exidx.text.LCD1602_Init), (8 bytes).
    Removing lcd1602.o(.ARM.exidx.text.LCD1602_CheckAddress), (8 bytes).
    Removing lcd1602.o(.ARM.exidx.text.LCD1602_Write8), (8 bytes).
    Removing lcd1602.o(.ARM.exidx.text.LCD1602_SetCursor), (8 bytes).
    Removing lcd1602.o(.text.LCD1602_ClearAll), (12 bytes).
    Removing lcd1602.o(.ARM.exidx.text.LCD1602_ClearAll), (8 bytes).
    Removing lcd1602.o(.ARM.exidx.text.LCD1602_Print), (8 bytes).
    Removing lcd1602.o(.text.LCD1602_PrintNum), (44 bytes).
    Removing lcd1602.o(.ARM.exidx.text.LCD1602_PrintNum), (8 bytes).
    Removing lcd1602.o(.text.itoa), (118 bytes).
    Removing lcd1602.o(.ARM.exidx.text.itoa), (8 bytes).
    Removing lcd1602.o(.ARM.exidx.text.LCD1602_Backlight), (8 bytes).
    Removing lcd1602.o(.ARM.exidx.text.PCF8574_Write), (8 bytes).
    Removing lcd1602.o(.ARM.exidx.text.LCD1602_Write4), (8 bytes).
    Removing led.o(.text), (0 bytes).
    Removing led.o(.ARM.exidx.text.LED_Init), (8 bytes).
    Removing led.o(.ARM.exidx.text.LED_Ctrl), (8 bytes).
    Removing led.o(.ARM.exidx.text.LED_Blink), (8 bytes).
    Removing led.o(.ARM.exidx.text.LED_Welcome), (8 bytes).
    Removing main.o(.text), (0 bytes).
    Removing main.o(.ARM.exidx.text.PIT_IRQHandler), (8 bytes).
    Removing main.o(.ARM.exidx.text.__NVIC_ClearPendingIRQ), (8 bytes).
    Removing main.o(.ARM.exidx.text.ADC0_IRQHandler), (8 bytes).
    Removing main.o(.ARM.exidx.text.main), (8 bytes).
    Removing main.o(.ARM.use_no_argv), (4 bytes).
    Removing pit.o(.text), (0 bytes).
    Removing pit.o(.ARM.exidx.text.PIT_Init), (8 bytes).
    Removing pit.o(.ARM.exidx.text.__NVIC_ClearPendingIRQ), (8 bytes).
    Removing pit.o(.ARM.exidx.text.__NVIC_EnableIRQ), (8 bytes).
    Removing tpm.o(.text), (0 bytes).
    Removing tpm.o(.text.TPM1_Init_InputCapture), (112 bytes).
    Removing tpm.o(.ARM.exidx.text.TPM1_Init_InputCapture), (8 bytes).
    Removing tpm.o(.text.__NVIC_SetPriority), (24 bytes).
    Removing tpm.o(.ARM.exidx.text.__NVIC_SetPriority), (8 bytes).
    Removing tpm.o(.text.__NVIC_ClearPendingIRQ), (16 bytes).
    Removing tpm.o(.ARM.exidx.text.__NVIC_ClearPendingIRQ), (8 bytes).
    Removing tpm.o(.text.__NVIC_EnableIRQ), (16 bytes).
    Removing tpm.o(.ARM.exidx.text.__NVIC_EnableIRQ), (8 bytes).
    Removing tpm.o(.ARM.exidx.text.TPM0_Init_PWM), (8 bytes).
    Removing tpm.o(.text.TPM1_GetVal), (12 bytes).
    Removing tpm.o(.ARM.exidx.text.TPM1_GetVal), (8 bytes).
    Removing tpm.o(.ARM.exidx.text.TPM0_SetVal_X), (8 bytes).
    Removing tpm.o(.ARM.exidx.text.TPM0_SetVal_Y), (8 bytes).
    Removing tpm.o(.ARM.exidx.text.TPM0_SetVal_Z), (8 bytes).
    Removing tpm.o(.ARM.exidx.text.TPM0_SetVal_G), (8 bytes).
    Removing tpm.o(.ARM.exidx.text.TPM1_IRQHandler), (8 bytes).
    Removing tsi.o(.text), (0 bytes).
    Removing tsi.o(.text.TSI_Init), (80 bytes).
    Removing tsi.o(.ARM.exidx.text.TSI_Init), (8 bytes).
    Removing tsi.o(.text.__NVIC_SetPriority), (24 bytes).
    Removing tsi.o(.ARM.exidx.text.__NVIC_SetPriority), (8 bytes).
    Removing tsi.o(.text.__NVIC_ClearPendingIRQ), (16 bytes).
    Removing tsi.o(.ARM.exidx.text.__NVIC_ClearPendingIRQ), (8 bytes).
    Removing tsi.o(.text.__NVIC_EnableIRQ), (16 bytes).
    Removing tsi.o(.ARM.exidx.text.__NVIC_EnableIRQ), (8 bytes).
    Removing tsi.o(.text.self_calibration), (172 bytes).
    Removing tsi.o(.ARM.exidx.text.self_calibration), (8 bytes).
    Removing tsi.o(.text.TSI_ReadSlider), (84 bytes).
    Removing tsi.o(.ARM.exidx.text.TSI_ReadSlider), (8 bytes).
    Removing tsi.o(.ARM.exidx.text.change_electrode), (8 bytes).
    Removing tsi.o(.ARM.exidx.text.TSI0_IRQHandler), (8 bytes).
    Removing adc.o(.text), (0 bytes).
    Removing adc.o(.ARM.exidx.text.ADC_Init), (8 bytes).
    Removing adc.o(.ARM.exidx.text.__NVIC_ClearPendingIRQ), (8 bytes).
    Removing adc.o(.ARM.exidx.text.__NVIC_EnableIRQ), (8 bytes).
    Removing system_mkl05z4.o(.text), (0 bytes).
    Removing system_mkl05z4.o(.ARM.exidx.text.SystemInit), (8 bytes).
    Removing system_mkl05z4.o(.text.SystemCoreClockUpdate), (184 bytes).
    Removing system_mkl05z4.o(.ARM.exidx.text.SystemCoreClockUpdate), (8 bytes).

85 unused section(s) (total 1466 bytes) removed from the image.

==============================================================================

Image Symbol Table

    Local Symbols

    Symbol Name                              Value     Ov Type        Size  Object(Section)

    ../clib/angel/boardlib.s                 0x00000000   Number         0  boardinit1.o ABSOLUTE
    ../clib/angel/boardlib.s                 0x00000000   Number         0  boardinit2.o ABSOLUTE
    ../clib/angel/boardlib.s                 0x00000000   Number         0  boardinit3.o ABSOLUTE
    ../clib/angel/boardlib.s                 0x00000000   Number         0  boardshut.o ABSOLUTE
    ../clib/angel/handlers.s                 0x00000000   Number         0  __scatter_copy.o ABSOLUTE
    ../clib/angel/handlers.s                 0x00000000   Number         0  __scatter_zi.o ABSOLUTE
    ../clib/angel/kernel.s                   0x00000000   Number         0  __rtentry.o ABSOLUTE
    ../clib/angel/kernel.s                   0x00000000   Number         0  __rtentry2.o ABSOLUTE
    ../clib/angel/kernel.s                   0x00000000   Number         0  __rtentry4.o ABSOLUTE
    ../clib/angel/kernel.s                   0x00000000   Number         0  rtexit.o ABSOLUTE
    ../clib/angel/kernel.s                   0x00000000   Number         0  rtexit2.o ABSOLUTE
    ../clib/angel/rt.s                       0x00000000   Number         0  aeabi_idiv0.o ABSOLUTE
    ../clib/angel/rt.s                       0x00000000   Number         0  aeabi_idiv0_sigfpe.o ABSOLUTE
    ../clib/angel/rt.s                       0x00000000   Number         0  rt_div0.o ABSOLUTE
    ../clib/angel/rt.s                       0x00000000   Number         0  rt_raise.o ABSOLUTE
    ../clib/angel/scatterp.s                 0x00000000   Number         0  __scatter.o ABSOLUTE
    ../clib/angel/startup.s                  0x00000000   Number         0  __main.o ABSOLUTE
    ../clib/angel/sys.s                      0x00000000   Number         0  sys_stackheap_outer.o ABSOLUTE
    ../clib/angel/sys.s                      0x00000000   Number         0  libspace.o ABSOLUTE
    ../clib/angel/sys.s                      0x00000000   Number         0  tempstk.o ABSOLUTE
    ../clib/angel/sys.s                      0x00000000   Number         0  use_no_semi.o ABSOLUTE
    ../clib/angel/sys.s                      0x00000000   Number         0  indicate_semi.o ABSOLUTE
    ../clib/angel/sysapp.c                   0x00000000   Number         0  sys_exit.o ABSOLUTE
    ../clib/angel/sysapp.c                   0x00000000   Number         0  sys_exit_hlt.o ABSOLUTE
    ../clib/angel/sysapp.c                   0x00000000   Number         0  sys_wrch.o ABSOLUTE
    ../clib/angel/sysapp.c                   0x00000000   Number         0  sys_wrch_hlt.o ABSOLUTE
    ../clib/angel/sysapp.c                   0x00000000   Number         0  sys_command.o ABSOLUTE
    ../clib/angel/sysapp.c                   0x00000000   Number         0  sys_command_hlt.o ABSOLUTE
    ../clib/armsys.c                         0x00000000   Number         0  argv_veneer.o ABSOLUTE
    ../clib/armsys.c                         0x00000000   Number         0  _get_argv_nomalloc.o ABSOLUTE
    ../clib/armsys.c                         0x00000000   Number         0  no_argv.o ABSOLUTE
    ../clib/division.c                       0x00000000   Number         0  rtudiv10.o ABSOLUTE
    ../clib/division.s                       0x00000000   Number         0  aeabi_sdivfast.o ABSOLUTE
    ../clib/division.s                       0x00000000   Number         0  aeabi_sdivfast_div0.o ABSOLUTE
    ../clib/heapalloc.c                      0x00000000   Number         0  hrguard.o ABSOLUTE
    ../clib/heapaux.c                        0x00000000   Number         0  heapauxi.o ABSOLUTE
    ../clib/libinit.s                        0x00000000   Number         0  libinit.o ABSOLUTE
    ../clib/libinit.s                        0x00000000   Number         0  libinit2.o ABSOLUTE
    ../clib/libinit.s                        0x00000000   Number         0  libshutdown.o ABSOLUTE
    ../clib/libinit.s                        0x00000000   Number         0  libshutdown2.o ABSOLUTE
    ../clib/printf.c                         0x00000000   Number         0  __2sprintf.o ABSOLUTE
    ../clib/printf.c                         0x00000000   Number         0  noretval__2sprintf.o ABSOLUTE
    ../clib/printf.c                         0x00000000   Number         0  __printf.o ABSOLUTE
    ../clib/printf.c                         0x00000000   Number         0  _printf_dec.o ABSOLUTE
    ../clib/printf.c                         0x00000000   Number         0  __printf_flags.o ABSOLUTE
    ../clib/printf.c                         0x00000000   Number         0  __printf_ss.o ABSOLUTE
    ../clib/printf.c                         0x00000000   Number         0  __printf_flags_ss.o ABSOLUTE
    ../clib/printf.c                         0x00000000   Number         0  __printf_wp.o ABSOLUTE
    ../clib/printf.c                         0x00000000   Number         0  __printf_flags_wp.o ABSOLUTE
    ../clib/printf.c                         0x00000000   Number         0  __printf_ss_wp.o ABSOLUTE
    ../clib/printf.c                         0x00000000   Number         0  __printf_flags_ss_wp.o ABSOLUTE
    ../clib/printf.c                         0x00000000   Number         0  _printf_intcommon.o ABSOLUTE
    ../clib/printf.c                         0x00000000   Number         0  _printf_char_common.o ABSOLUTE
    ../clib/printf.c                         0x00000000   Number         0  _sputc.o ABSOLUTE
    ../clib/printf.c                         0x00000000   Number         0  __printf_nopercent.o ABSOLUTE
    ../clib/printf_percent.s                 0x00000000   Number         0  _printf_i.o ABSOLUTE
    ../clib/printf_percent.s                 0x00000000   Number         0  _printf_percent.o ABSOLUTE
    ../clib/printf_percent.s                 0x00000000   Number         0  _printf_percent_end.o ABSOLUTE
    ../clib/signal.c                         0x00000000   Number         0  defsig_fpe_outer.o ABSOLUTE
    ../clib/signal.c                         0x00000000   Number         0  defsig_fpe_formal.o ABSOLUTE
    ../clib/signal.c                         0x00000000   Number         0  defsig_exit.o ABSOLUTE
    ../clib/signal.c                         0x00000000   Number         0  defsig_fpe_inner.o ABSOLUTE
    ../clib/signal.c                         0x00000000   Number         0  __raise.o ABSOLUTE
    ../clib/signal.c                         0x00000000   Number         0  defsig_general.o ABSOLUTE
    ../clib/signal.c                         0x00000000   Number         0  defsig_abrt_inner.o ABSOLUTE
    ../clib/signal.c                         0x00000000   Number         0  defsig_rtred_inner.o ABSOLUTE
    ../clib/signal.c                         0x00000000   Number         0  defsig_rtmem_inner.o ABSOLUTE
    ../clib/signal.c                         0x00000000   Number         0  defsig_rtmem_outer.o ABSOLUTE
    ../clib/signal.c                         0x00000000   Number         0  defsig_rtmem_formal.o ABSOLUTE
    ../clib/signal.c                         0x00000000   Number         0  defsig_stak_inner.o ABSOLUTE
    ../clib/signal.c                         0x00000000   Number         0  defsig_pvfn_inner.o ABSOLUTE
    ../clib/signal.c                         0x00000000   Number         0  defsig_cppl_inner.o ABSOLUTE
    ../clib/signal.c                         0x00000000   Number         0  defsig_segv_inner.o ABSOLUTE
    ../clib/signal.c                         0x00000000   Number         0  defsig_other.o ABSOLUTE
    ../clib/signal.s                         0x00000000   Number         0  defsig.o ABSOLUTE
    ../clib/stdlib.c                         0x00000000   Number         0  exit.o ABSOLUTE
    ../fplib/cfplib/ffix.c                   0x00000000   Number         0  ffixi.o ABSOLUTE
    ../fplib/cfplib/fflt.c                   0x00000000   Number         0  fflti.o ABSOLUTE
    ../fplib/cfplib/fpinit.c                 0x00000000   Number         0  fpinit.o ABSOLUTE
    ../fplib/faddsub6m.s                     0x00000000   Number         0  faddsub.o ABSOLUTE
    ../fplib/fmul6m.s                        0x00000000   Number         0  fmul.o ABSOLUTE
    ../fplib/usenofp.s                       0x00000000   Number         0  usenofp.o ABSOLUTE
    ADC.c                                    0x00000000   Number         0  adc.o ABSOLUTE
    RTE/Device/MKL05Z32xxx4/startup_MKL05Z4.s 0x00000000   Number         0  startup_mkl05z4.o ABSOLUTE
    dc.s                                     0x00000000   Number         0  dc.o ABSOLUTE
    i2c.c                                    0x00000000   Number         0  i2c.o ABSOLUTE
    lcd1602.c                                0x00000000   Number         0  lcd1602.o ABSOLUTE
    led.c                                    0x00000000   Number         0  led.o ABSOLUTE
    main.c                                   0x00000000   Number         0  main.o ABSOLUTE
    pit.c                                    0x00000000   Number         0  pit.o ABSOLUTE
    system_MKL05Z4.c                         0x00000000   Number         0  system_mkl05z4.o ABSOLUTE
    tpm.c                                    0x00000000   Number         0  tpm.o ABSOLUTE
    tsi.c                                    0x00000000   Number         0  tsi.o ABSOLUTE
    RESET                                    0x00000000   Section      192  startup_mkl05z4.o(RESET)
    !!!main                                  0x000000c0   Section        8  __main.o(!!!main)
    !!!scatter                               0x000000c8   Section       60  __scatter.o(!!!scatter)
    !!handler_copy                           0x00000104   Section       26  __scatter_copy.o(!!handler_copy)
    !!handler_zi                             0x00000120   Section       28  __scatter_zi.o(!!handler_zi)
    .ARM.Collect$$_printf_percent$$00000000  0x0000013c   Section        2  _printf_percent.o(.ARM.Collect$$_printf_percent$$00000000)
    .ARM.Collect$$_printf_percent$$00000008  0x0000013e   Section       10  _printf_i.o(.ARM.Collect$$_printf_percent$$00000008)
    .ARM.Collect$$_printf_percent$$00000017  0x00000148   Section        4  _printf_percent_end.o(.ARM.Collect$$_printf_percent$$00000017)
    .ARM.Collect$$libinit$$00000000          0x0000014c   Section        2  libinit.o(.ARM.Collect$$libinit$$00000000)
    .ARM.Collect$$libinit$$00000002          0x0000014e   Section        0  libinit2.o(.ARM.Collect$$libinit$$00000002)
    .ARM.Collect$$libinit$$00000004          0x0000014e   Section        0  libinit2.o(.ARM.Collect$$libinit$$00000004)
    .ARM.Collect$$libinit$$0000000A          0x0000014e   Section        0  libinit2.o(.ARM.Collect$$libinit$$0000000A)
    .ARM.Collect$$libinit$$0000000C          0x0000014e   Section        0  libinit2.o(.ARM.Collect$$libinit$$0000000C)
    .ARM.Collect$$libinit$$0000000E          0x0000014e   Section        0  libinit2.o(.ARM.Collect$$libinit$$0000000E)
    .ARM.Collect$$libinit$$00000011          0x0000014e   Section        0  libinit2.o(.ARM.Collect$$libinit$$00000011)
    .ARM.Collect$$libinit$$00000013          0x0000014e   Section        0  libinit2.o(.ARM.Collect$$libinit$$00000013)
    .ARM.Collect$$libinit$$00000015          0x0000014e   Section        0  libinit2.o(.ARM.Collect$$libinit$$00000015)
    .ARM.Collect$$libinit$$00000017          0x0000014e   Section        0  libinit2.o(.ARM.Collect$$libinit$$00000017)
    .ARM.Collect$$libinit$$00000019          0x0000014e   Section        0  libinit2.o(.ARM.Collect$$libinit$$00000019)
    .ARM.Collect$$libinit$$0000001B          0x0000014e   Section        0  libinit2.o(.ARM.Collect$$libinit$$0000001B)
    .ARM.Collect$$libinit$$0000001D          0x0000014e   Section        0  libinit2.o(.ARM.Collect$$libinit$$0000001D)
    .ARM.Collect$$libinit$$0000001F          0x0000014e   Section        0  libinit2.o(.ARM.Collect$$libinit$$0000001F)
    .ARM.Collect$$libinit$$00000021          0x0000014e   Section        0  libinit2.o(.ARM.Collect$$libinit$$00000021)
    .ARM.Collect$$libinit$$00000023          0x0000014e   Section        0  libinit2.o(.ARM.Collect$$libinit$$00000023)
    .ARM.Collect$$libinit$$00000025          0x0000014e   Section        0  libinit2.o(.ARM.Collect$$libinit$$00000025)
    .ARM.Collect$$libinit$$0000002C          0x0000014e   Section        0  libinit2.o(.ARM.Collect$$libinit$$0000002C)
    .ARM.Collect$$libinit$$0000002E          0x0000014e   Section        0  libinit2.o(.ARM.Collect$$libinit$$0000002E)
    .ARM.Collect$$libinit$$00000030          0x0000014e   Section        0  libinit2.o(.ARM.Collect$$libinit$$00000030)
    .ARM.Collect$$libinit$$00000032          0x0000014e   Section        0  libinit2.o(.ARM.Collect$$libinit$$00000032)
    .ARM.Collect$$libinit$$00000033          0x0000014e   Section        2  libinit2.o(.ARM.Collect$$libinit$$00000033)
    .ARM.Collect$$libshutdown$$00000000      0x00000150   Section        2  libshutdown.o(.ARM.Collect$$libshutdown$$00000000)
    .ARM.Collect$$libshutdown$$00000002      0x00000152   Section        0  libshutdown2.o(.ARM.Collect$$libshutdown$$00000002)
    .ARM.Collect$$libshutdown$$00000004      0x00000152   Section        0  libshutdown2.o(.ARM.Collect$$libshutdown$$00000004)
    .ARM.Collect$$libshutdown$$00000007      0x00000152   Section        0  libshutdown2.o(.ARM.Collect$$libshutdown$$00000007)
    .ARM.Collect$$libshutdown$$0000000A      0x00000152   Section        0  libshutdown2.o(.ARM.Collect$$libshutdown$$0000000A)
    .ARM.Collect$$libshutdown$$0000000C      0x00000152   Section        0  libshutdown2.o(.ARM.Collect$$libshutdown$$0000000C)
    .ARM.Collect$$libshutdown$$0000000F      0x00000152   Section        0  libshutdown2.o(.ARM.Collect$$libshutdown$$0000000F)
    .ARM.Collect$$libshutdown$$00000010      0x00000152   Section        2  libshutdown2.o(.ARM.Collect$$libshutdown$$00000010)
    .ARM.Collect$$rtentry$$00000000          0x00000154   Section        0  __rtentry.o(.ARM.Collect$$rtentry$$00000000)
    .ARM.Collect$$rtentry$$00000002          0x00000154   Section        0  __rtentry2.o(.ARM.Collect$$rtentry$$00000002)
    .ARM.Collect$$rtentry$$00000004          0x00000154   Section        6  __rtentry4.o(.ARM.Collect$$rtentry$$00000004)
    .ARM.Collect$$rtentry$$00000009          0x0000015a   Section        0  __rtentry2.o(.ARM.Collect$$rtentry$$00000009)
    .ARM.Collect$$rtentry$$0000000A          0x0000015a   Section        4  __rtentry2.o(.ARM.Collect$$rtentry$$0000000A)
    .ARM.Collect$$rtentry$$0000000C          0x0000015e   Section        0  __rtentry2.o(.ARM.Collect$$rtentry$$0000000C)
    .ARM.Collect$$rtentry$$0000000D          0x0000015e   Section        8  __rtentry2.o(.ARM.Collect$$rtentry$$0000000D)
    .ARM.Collect$$rtexit$$00000000           0x00000166   Section        2  rtexit.o(.ARM.Collect$$rtexit$$00000000)
    .ARM.Collect$$rtexit$$00000002           0x00000168   Section        0  rtexit2.o(.ARM.Collect$$rtexit$$00000002)
    .ARM.Collect$$rtexit$$00000003           0x00000168   Section        4  rtexit2.o(.ARM.Collect$$rtexit$$00000003)
    .ARM.Collect$$rtexit$$00000004           0x0000016c   Section        6  rtexit2.o(.ARM.Collect$$rtexit$$00000004)
    .text                                    0x00000174   Section       52  startup_mkl05z4.o(.text)
    .text                                    0x000001a8   Section        0  noretval__2sprintf.o(.text)
    .text                                    0x000001d0   Section        0  __printf.o(.text)
    .text                                    0x0000023c   Section        0  _printf_dec.o(.text)
    .text                                    0x000002a8   Section        0  heapauxi.o(.text)
    .text                                    0x000002ae   Section        0  ffixi.o(.text)
    .text                                    0x000002fa   Section        0  fflti.o(.text)
    _printf_input_char                       0x00000359   Thumb Code    10  _printf_char_common.o(.text)
    .text                                    0x00000358   Section        0  _printf_char_common.o(.text)
    .text                                    0x00000388   Section        0  _sputc.o(.text)
    .text                                    0x00000392   Section        0  rtudiv10.o(.text)
    .text                                    0x000003ba   Section       62  sys_stackheap_outer.o(.text)
    .text                                    0x000003f8   Section        8  libspace.o(.text)
    .ARM.__at_0x400                          0x00000400   Section       16  startup_mkl05z4.o(.ARM.__at_0x400)
    .text                                    0x00000410   Section        0  _printf_intcommon.o(.text)
    .text                                    0x000004c0   Section        0  exit.o(.text)
    .text                                    0x000004d0   Section        0  sys_exit.o(.text)
    .text                                    0x000004dc   Section        2  use_no_semi.o(.text)
    .text                                    0x000004de   Section        0  indicate_semi.o(.text)
    [Anonymous Symbol]                       0x000004e0   Section        0  main.o(.text.ADC0_IRQHandler)
    __arm_cp.2_0                             0x00000544   Number         4  main.o(.text.ADC0_IRQHandler)
    __arm_cp.2_1                             0x00000548   Number         4  main.o(.text.ADC0_IRQHandler)
    __arm_cp.2_2                             0x0000054c   Number         4  main.o(.text.ADC0_IRQHandler)
    __arm_cp.2_3                             0x00000550   Number         4  main.o(.text.ADC0_IRQHandler)
    __arm_cp.2_4                             0x00000554   Number         4  main.o(.text.ADC0_IRQHandler)
    [Anonymous Symbol]                       0x00000558   Section        0  adc.o(.text.ADC_Init)
    __arm_cp.0_0                             0x00000610   Number         4  adc.o(.text.ADC_Init)
    __arm_cp.0_1                             0x00000614   Number         4  adc.o(.text.ADC_Init)
    __arm_cp.0_2                             0x00000618   Number         4  adc.o(.text.ADC_Init)
    __arm_cp.0_3                             0x0000061c   Number         4  adc.o(.text.ADC_Init)
    [Anonymous Symbol]                       0x00000620   Section        0  i2c.o(.text.I2C_Init)
    __arm_cp.0_0                             0x00000660   Number         4  i2c.o(.text.I2C_Init)
    __arm_cp.0_1                             0x00000664   Number         4  i2c.o(.text.I2C_Init)
    __arm_cp.0_2                             0x00000668   Number         4  i2c.o(.text.I2C_Init)
    [Anonymous Symbol]                       0x0000066c   Section        0  i2c.o(.text.I2C_Write)
    __arm_cp.9_0                             0x000006a8   Number         4  i2c.o(.text.I2C_Write)
    [Anonymous Symbol]                       0x000006ac   Section        0  lcd1602.o(.text.LCD1602_Backlight)
    [Anonymous Symbol]                       0x000006bc   Section        0  lcd1602.o(.text.LCD1602_CheckAddress)
    [Anonymous Symbol]                       0x000006ec   Section        0  lcd1602.o(.text.LCD1602_Init)
    __arm_cp.0_0                             0x00000734   Number         4  lcd1602.o(.text.LCD1602_Init)
    [Anonymous Symbol]                       0x00000738   Section        0  lcd1602.o(.text.LCD1602_Print)
    [Anonymous Symbol]                       0x00000758   Section        0  lcd1602.o(.text.LCD1602_SetCursor)
    [Anonymous Symbol]                       0x00000770   Section        0  lcd1602.o(.text.LCD1602_Write4)
    __arm_cp.10_0                            0x00000794   Number         4  lcd1602.o(.text.LCD1602_Write4)
    [Anonymous Symbol]                       0x00000798   Section        0  lcd1602.o(.text.LCD1602_Write8)
    [Anonymous Symbol]                       0x000007b4   Section        0  led.o(.text.LED_Blink)
    __arm_cp.2_0                             0x000007e4   Number         4  led.o(.text.LED_Blink)
    [Anonymous Symbol]                       0x000007e8   Section        0  led.o(.text.LED_Ctrl)
    [Anonymous Symbol]                       0x00000824   Section        0  led.o(.text.LED_Init)
    __arm_cp.0_0                             0x0000085c   Number         4  led.o(.text.LED_Init)
    __arm_cp.0_1                             0x00000860   Number         4  led.o(.text.LED_Init)
    [Anonymous Symbol]                       0x00000864   Section        0  led.o(.text.LED_Welcome)
    [Anonymous Symbol]                       0x00000878   Section        0  lcd1602.o(.text.PCF8574_Write)
    __arm_cp.9_0                             0x0000089c   Number         4  lcd1602.o(.text.PCF8574_Write)
    __arm_cp.9_1                             0x000008a0   Number         4  lcd1602.o(.text.PCF8574_Write)
    [Anonymous Symbol]                       0x000008a4   Section        0  main.o(.text.PIT_IRQHandler)
    __arm_cp.0_0                             0x000008b4   Number         4  main.o(.text.PIT_IRQHandler)
    [Anonymous Symbol]                       0x000008b8   Section        0  pit.o(.text.PIT_Init)
    __arm_cp.0_0                             0x000008ec   Number         4  pit.o(.text.PIT_Init)
    __arm_cp.0_1                             0x000008f0   Number         4  pit.o(.text.PIT_Init)
    __arm_cp.0_2                             0x000008f4   Number         4  pit.o(.text.PIT_Init)
    __arm_cp.0_3                             0x000008f8   Number         4  pit.o(.text.PIT_Init)
    [Anonymous Symbol]                       0x000008fc   Section        0  system_mkl05z4.o(.text.SystemInit)
    __arm_cp.0_0                             0x00000938   Number         4  system_mkl05z4.o(.text.SystemInit)
    __arm_cp.0_1                             0x0000093c   Number         4  system_mkl05z4.o(.text.SystemInit)
    __arm_cp.0_2                             0x00000940   Number         4  system_mkl05z4.o(.text.SystemInit)
    __arm_cp.0_3                             0x00000944   Number         4  system_mkl05z4.o(.text.SystemInit)
    [Anonymous Symbol]                       0x00000948   Section        0  tpm.o(.text.TPM0_Init_PWM)
    __arm_cp.4_0                             0x000009b8   Number         4  tpm.o(.text.TPM0_Init_PWM)
    __arm_cp.4_1                             0x000009bc   Number         4  tpm.o(.text.TPM0_Init_PWM)
    __arm_cp.4_2                             0x000009c0   Number         4  tpm.o(.text.TPM0_Init_PWM)
    __arm_cp.4_3                             0x000009c4   Number         4  tpm.o(.text.TPM0_Init_PWM)
    [Anonymous Symbol]                       0x000009c8   Section        0  tpm.o(.text.TPM0_SetVal_G)
    __arm_cp.9_1                             0x000009d8   Number         4  tpm.o(.text.TPM0_SetVal_G)
    [Anonymous Symbol]                       0x000009dc   Section        0  tpm.o(.text.TPM0_SetVal_X)
    __arm_cp.6_1                             0x000009ec   Number         4  tpm.o(.text.TPM0_SetVal_X)
    [Anonymous Symbol]                       0x000009f0   Section        0  tpm.o(.text.TPM0_SetVal_Y)
    __arm_cp.7_1                             0x00000a00   Number         4  tpm.o(.text.TPM0_SetVal_Y)
    [Anonymous Symbol]                       0x00000a04   Section        0  tpm.o(.text.TPM0_SetVal_Z)
    __arm_cp.8_0                             0x00000a14   Number         4  tpm.o(.text.TPM0_SetVal_Z)
    __arm_cp.8_1                             0x00000a18   Number         4  tpm.o(.text.TPM0_SetVal_Z)
    [Anonymous Symbol]                       0x00000a1c   Section        0  tpm.o(.text.TPM1_IRQHandler)
    __arm_cp.10_0                            0x00000a40   Number         4  tpm.o(.text.TPM1_IRQHandler)
    __arm_cp.10_1                            0x00000a44   Number         4  tpm.o(.text.TPM1_IRQHandler)
    __arm_cp.10_2                            0x00000a48   Number         4  tpm.o(.text.TPM1_IRQHandler)
    [Anonymous Symbol]                       0x00000a4c   Section        0  tsi.o(.text.TSI0_IRQHandler)
    __arm_cp.7_0                             0x00000a64   Number         4  tsi.o(.text.TSI0_IRQHandler)
    __arm_cp.7_1                             0x00000a68   Number         4  tsi.o(.text.TSI0_IRQHandler)
    __NVIC_ClearPendingIRQ                   0x00000a6d   Thumb Code    20  main.o(.text.__NVIC_ClearPendingIRQ)
    [Anonymous Symbol]                       0x00000a6c   Section        0  main.o(.text.__NVIC_ClearPendingIRQ)
    __NVIC_ClearPendingIRQ                   0x00000a81   Thumb Code    12  pit.o(.text.__NVIC_ClearPendingIRQ)
    [Anonymous Symbol]                       0x00000a80   Section        0  pit.o(.text.__NVIC_ClearPendingIRQ)
    __NVIC_ClearPendingIRQ                   0x00000a8d   Thumb Code    16  adc.o(.text.__NVIC_ClearPendingIRQ)
    [Anonymous Symbol]                       0x00000a8c   Section        0  adc.o(.text.__NVIC_ClearPendingIRQ)
    __arm_cp.1_0                             0x00000a98   Number         4  adc.o(.text.__NVIC_ClearPendingIRQ)
    __NVIC_EnableIRQ                         0x00000a9d   Thumb Code    12  pit.o(.text.__NVIC_EnableIRQ)
    [Anonymous Symbol]                       0x00000a9c   Section        0  pit.o(.text.__NVIC_EnableIRQ)
    __NVIC_EnableIRQ                         0x00000aa9   Thumb Code    16  adc.o(.text.__NVIC_EnableIRQ)
    [Anonymous Symbol]                       0x00000aa8   Section        0  adc.o(.text.__NVIC_EnableIRQ)
    __arm_cp.2_0                             0x00000ab4   Number         4  adc.o(.text.__NVIC_EnableIRQ)
    [Anonymous Symbol]                       0x00000ab8   Section        0  tsi.o(.text.change_electrode)
    __arm_cp.6_0                             0x00000af8   Number         4  tsi.o(.text.change_electrode)
    __arm_cp.6_1                             0x00000afc   Number         4  tsi.o(.text.change_electrode)
    __arm_cp.6_2                             0x00000b00   Number         4  tsi.o(.text.change_electrode)
    __arm_cp.6_3                             0x00000b04   Number         4  tsi.o(.text.change_electrode)
    __arm_cp.6_4                             0x00000b08   Number         4  tsi.o(.text.change_electrode)
    [Anonymous Symbol]                       0x00000b0c   Section        0  i2c.o(.text.i2c_clr_IICIF)
    [Anonymous Symbol]                       0x00000b18   Section        0  i2c.o(.text.i2c_disable)
    [Anonymous Symbol]                       0x00000b24   Section        0  i2c.o(.text.i2c_enable)
    [Anonymous Symbol]                       0x00000b30   Section        0  i2c.o(.text.i2c_m_start)
    [Anonymous Symbol]                       0x00000b3c   Section        0  i2c.o(.text.i2c_m_stop)
    [Anonymous Symbol]                       0x00000b48   Section        0  i2c.o(.text.i2c_send)
    __arm_cp.5_0                             0x00000b50   Number         4  i2c.o(.text.i2c_send)
    [Anonymous Symbol]                       0x00000b54   Section        0  i2c.o(.text.i2c_tran)
    __arm_cp.3_0                             0x00000b60   Number         4  i2c.o(.text.i2c_tran)
    [Anonymous Symbol]                       0x00000b64   Section        0  i2c.o(.text.i2c_wait)
    __arm_cp.6_0                             0x00000bb4   Number         4  i2c.o(.text.i2c_wait)
    __arm_cp.6_1                             0x00000bb8   Number         4  i2c.o(.text.i2c_wait)
    __arm_cp.6_2                             0x00000bbc   Number         4  i2c.o(.text.i2c_wait)
    [Anonymous Symbol]                       0x00000bc0   Section        0  main.o(.text.main)
    __arm_cp.3_0                             0x00000d0c   Number         4  main.o(.text.main)
    __arm_cp.3_2                             0x00000d14   Number         4  main.o(.text.main)
    __arm_cp.3_3                             0x00000d18   Number         4  main.o(.text.main)
    __arm_cp.3_4                             0x00000d1c   Number         4  main.o(.text.main)
    __arm_cp.3_5                             0x00000d20   Number         4  main.o(.text.main)
    __arm_cp.3_6                             0x00000d24   Number         4  main.o(.text.main)
    __arm_cp.3_7                             0x00000d28   Number         4  main.o(.text.main)
    __arm_cp.3_8                             0x00000d2c   Number         4  main.o(.text.main)
    __arm_cp.3_9                             0x00000d30   Number         4  main.o(.text.main)
    __arm_cp.3_10                            0x00000d34   Number         4  main.o(.text.main)
    __arm_cp.3_11                            0x00000d38   Number         4  main.o(.text.main)
    .text_divfast                            0x00000d5c   Section      502  aeabi_sdivfast.o(.text_divfast)
    x$fpl$fadd                               0x00000f54   Section      140  faddsub.o(x$fpl$fadd)
    _fadd1                                   0x00000f61   Thumb Code     0  faddsub.o(x$fpl$fadd)
    x$fpl$fmul                               0x00000fe0   Section      176  fmul.o(x$fpl$fmul)
    x$fpl$fsub                               0x00001090   Section      208  faddsub.o(x$fpl$fsub)
    _fsub1                                   0x0000109d   Thumb Code     0  faddsub.o(x$fpl$fsub)
    elec_array                               0x00001160   Data           2  tsi.o(.rodata.elec_array)
    [Anonymous Symbol]                       0x00001160   Section        0  tsi.o(.rodata.elec_array)
    x$fpl$usenofp                            0x00001160   Section        0  usenofp.o(x$fpl$usenofp)
    led                                      0x00001164   Data          48  led.o(.rodata.led)
    [Anonymous Symbol]                       0x00001164   Section        0  led.o(.rodata.led)
    lcd_backlight                            0x1ffffc04   Data           1  lcd1602.o(.data.lcd_backlight)
    [Anonymous Symbol]                       0x1ffffc04   Section        0  lcd1602.o(.data.lcd_backlight)
    .bss                                     0x1ffffc10   Section       96  libspace.o(.bss)
    end_flag                                 0x1ffffc70   Data           1  tsi.o(.bss.end_flag)
    [Anonymous Symbol]                       0x1ffffc70   Section        0  tsi.o(.bss.end_flag)
    error                                    0x1ffffc71   Data           1  i2c.o(.bss.error)
    [Anonymous Symbol]                       0x1ffffc71   Section        0  i2c.o(.bss.error)
    gu16Baseline                             0x1ffffc72   Data           4  tsi.o(.bss.gu16Baseline)
    [Anonymous Symbol]                       0x1ffffc72   Section        0  tsi.o(.bss.gu16Baseline)
    gu16Delta                                0x1ffffc76   Data           4  tsi.o(.bss.gu16Delta)
    [Anonymous Symbol]                       0x1ffffc76   Section        0  tsi.o(.bss.gu16Delta)
    ongoing_elec                             0x1ffffc7b   Data           1  tsi.o(.bss.ongoing_elec)
    [Anonymous Symbol]                       0x1ffffc7b   Section        0  tsi.o(.bss.ongoing_elec)
    pcf_address                              0x1ffffc7c   Data           1  lcd1602.o(.bss.pcf_address)
    [Anonymous Symbol]                       0x1ffffc7c   Section        0  lcd1602.o(.bss.pcf_address)
    tpm0Enabled                              0x1ffffc80   Data           1  tpm.o(.bss.tpm0Enabled)
    [Anonymous Symbol]                       0x1ffffc80   Section        0  tpm.o(.bss.tpm0Enabled)
    tpm1Diff                                 0x1ffffc82   Data           2  tpm.o(.bss.tpm1Diff)
    [Anonymous Symbol]                       0x1ffffc82   Section        0  tpm.o(.bss.tpm1Diff)
    tpm1New                                  0x1ffffc84   Data           2  tpm.o(.bss.tpm1New)
    [Anonymous Symbol]                       0x1ffffc84   Section        0  tpm.o(.bss.tpm1New)
    Heap_Mem                                 0x1ffffc90   Data           0  startup_mkl05z4.o(HEAP)
    Stack_Mem                                0x1ffffc90   Data         768  startup_mkl05z4.o(STACK)
    HEAP                                     0x1ffffc90   Section        0  startup_mkl05z4.o(HEAP)
    STACK                                    0x1ffffc90   Section      768  startup_mkl05z4.o(STACK)
    __initial_sp                             0x1fffff90   Data           0  startup_mkl05z4.o(STACK)

    Global Symbols

    Symbol Name                              Value     Ov Type        Size  Object(Section)

    BuildAttributes$$THM_ISAv3M$S$PE$A:L22$X:L11$S22$IEEE1$IW$~IW$USESV6$~STKCKD$USESV7$~SHL$OTIME$ROPI$EBA8$UX$STANDARDLIB$REQ8$PRES8$EABIv2 0x00000000   Number         0  anon$$obj.o ABSOLUTE
    __Vectors                                0x00000000   Data           4  startup_mkl05z4.o(RESET)
    __ARM_exceptions_init                     - Undefined Weak Reference
    __alloca_initialize                       - Undefined Weak Reference
    __arm_preinit_                            - Undefined Weak Reference
    __cpp_initialize__aeabi_                  - Undefined Weak Reference
    __cxa_finalize                            - Undefined Weak Reference
    __rt_locale                               - Undefined Weak Reference
    __sigvec_lookup                           - Undefined Weak Reference
    _atexit_init                              - Undefined Weak Reference
    _call_atexit_fns                          - Undefined Weak Reference
    _clock_init                               - Undefined Weak Reference
    _fp_trap_init                             - Undefined Weak Reference
    _fp_trap_shutdown                         - Undefined Weak Reference
    _get_lc_collate                           - Undefined Weak Reference
    _get_lc_ctype                             - Undefined Weak Reference
    _get_lc_monetary                          - Undefined Weak Reference
    _get_lc_numeric                           - Undefined Weak Reference
    _get_lc_time                              - Undefined Weak Reference
    _getenv_init                              - Undefined Weak Reference
    _handle_redirection                       - Undefined Weak Reference
    _init_alloc                               - Undefined Weak Reference
    _init_user_alloc                          - Undefined Weak Reference
    _initio                                   - Undefined Weak Reference
    _printf_post_padding                      - Undefined Weak Reference
    _printf_pre_padding                       - Undefined Weak Reference
    _printf_truncate_signed                   - Undefined Weak Reference
    _printf_truncate_unsigned                 - Undefined Weak Reference
    _rand_init                                - Undefined Weak Reference
    _signal_finish                            - Undefined Weak Reference
    _signal_init                              - Undefined Weak Reference
    _terminate_alloc                          - Undefined Weak Reference
    _terminate_user_alloc                     - Undefined Weak Reference
    _terminateio                              - Undefined Weak Reference
    __Vectors_End                            0x000000c0   Data           0  startup_mkl05z4.o(RESET)
    __Vectors_Size                           0x000000c0   Number         0  startup_mkl05z4.o ABSOLUTE
    __main                                   0x000000c1   Thumb Code     8  __main.o(!!!main)
    __scatterload                            0x000000c9   Thumb Code     0  __scatter.o(!!!scatter)
    __scatterload_rt2                        0x000000c9   Thumb Code    52  __scatter.o(!!!scatter)
    __scatterload_rt2_thumb_only             0x000000c9   Thumb Code     0  __scatter.o(!!!scatter)
    __scatterload_null                       0x000000d9   Thumb Code     0  __scatter.o(!!!scatter)
    __scatterload_copy                       0x00000105   Thumb Code    26  __scatter_copy.o(!!handler_copy)
    __scatterload_zeroinit                   0x00000121   Thumb Code    28  __scatter_zi.o(!!handler_zi)
    _printf_percent                          0x0000013d   Thumb Code     0  _printf_percent.o(.ARM.Collect$$_printf_percent$$00000000)
    _printf_i                                0x0000013f   Thumb Code     0  _printf_i.o(.ARM.Collect$$_printf_percent$$00000008)
    _printf_percent_end                      0x00000149   Thumb Code     0  _printf_percent_end.o(.ARM.Collect$$_printf_percent$$00000017)
    __rt_lib_init                            0x0000014d   Thumb Code     0  libinit.o(.ARM.Collect$$libinit$$00000000)
    __rt_lib_init_alloca_1                   0x0000014f   Thumb Code     0  libinit2.o(.ARM.Collect$$libinit$$0000002E)
    __rt_lib_init_argv_1                     0x0000014f   Thumb Code     0  libinit2.o(.ARM.Collect$$libinit$$0000002C)
    __rt_lib_init_atexit_1                   0x0000014f   Thumb Code     0  libinit2.o(.ARM.Collect$$libinit$$0000001B)
    __rt_lib_init_clock_1                    0x0000014f   Thumb Code     0  libinit2.o(.ARM.Collect$$libinit$$00000021)
    __rt_lib_init_cpp_1                      0x0000014f   Thumb Code     0  libinit2.o(.ARM.Collect$$libinit$$00000032)
    __rt_lib_init_exceptions_1               0x0000014f   Thumb Code     0  libinit2.o(.ARM.Collect$$libinit$$00000030)
    __rt_lib_init_fp_1                       0x0000014f   Thumb Code     0  libinit2.o(.ARM.Collect$$libinit$$00000002)
    __rt_lib_init_fp_trap_1                  0x0000014f   Thumb Code     0  libinit2.o(.ARM.Collect$$libinit$$0000001F)
    __rt_lib_init_getenv_1                   0x0000014f   Thumb Code     0  libinit2.o(.ARM.Collect$$libinit$$00000023)
    __rt_lib_init_heap_1                     0x0000014f   Thumb Code     0  libinit2.o(.ARM.Collect$$libinit$$0000000A)
    __rt_lib_init_lc_collate_1               0x0000014f   Thumb Code     0  libinit2.o(.ARM.Collect$$libinit$$00000011)
    __rt_lib_init_lc_ctype_1                 0x0000014f   Thumb Code     0  libinit2.o(.ARM.Collect$$libinit$$00000013)
    __rt_lib_init_lc_monetary_1              0x0000014f   Thumb Code     0  libinit2.o(.ARM.Collect$$libinit$$00000015)
    __rt_lib_init_lc_numeric_1               0x0000014f   Thumb Code     0  libinit2.o(.ARM.Collect$$libinit$$00000017)
    __rt_lib_init_lc_time_1                  0x0000014f   Thumb Code     0  libinit2.o(.ARM.Collect$$libinit$$00000019)
    __rt_lib_init_preinit_1                  0x0000014f   Thumb Code     0  libinit2.o(.ARM.Collect$$libinit$$00000004)
    __rt_lib_init_rand_1                     0x0000014f   Thumb Code     0  libinit2.o(.ARM.Collect$$libinit$$0000000E)
    __rt_lib_init_return                     0x0000014f   Thumb Code     0  libinit2.o(.ARM.Collect$$libinit$$00000033)
    __rt_lib_init_signal_1                   0x0000014f   Thumb Code     0  libinit2.o(.ARM.Collect$$libinit$$0000001D)
    __rt_lib_init_stdio_1                    0x0000014f   Thumb Code     0  libinit2.o(.ARM.Collect$$libinit$$00000025)
    __rt_lib_init_user_alloc_1               0x0000014f   Thumb Code     0  libinit2.o(.ARM.Collect$$libinit$$0000000C)
    __rt_lib_shutdown                        0x00000151   Thumb Code     0  libshutdown.o(.ARM.Collect$$libshutdown$$00000000)
    __rt_lib_shutdown_cpp_1                  0x00000153   Thumb Code     0  libshutdown2.o(.ARM.Collect$$libshutdown$$00000002)
    __rt_lib_shutdown_fp_trap_1              0x00000153   Thumb Code     0  libshutdown2.o(.ARM.Collect$$libshutdown$$00000007)
    __rt_lib_shutdown_heap_1                 0x00000153   Thumb Code     0  libshutdown2.o(.ARM.Collect$$libshutdown$$0000000F)
    __rt_lib_shutdown_return                 0x00000153   Thumb Code     0  libshutdown2.o(.ARM.Collect$$libshutdown$$00000010)
    __rt_lib_shutdown_signal_1               0x00000153   Thumb Code     0  libshutdown2.o(.ARM.Collect$$libshutdown$$0000000A)
    __rt_lib_shutdown_stdio_1                0x00000153   Thumb Code     0  libshutdown2.o(.ARM.Collect$$libshutdown$$00000004)
    __rt_lib_shutdown_user_alloc_1           0x00000153   Thumb Code     0  libshutdown2.o(.ARM.Collect$$libshutdown$$0000000C)
    __rt_entry                               0x00000155   Thumb Code     0  __rtentry.o(.ARM.Collect$$rtentry$$00000000)
    __rt_entry_presh_1                       0x00000155   Thumb Code     0  __rtentry2.o(.ARM.Collect$$rtentry$$00000002)
    __rt_entry_sh                            0x00000155   Thumb Code     0  __rtentry4.o(.ARM.Collect$$rtentry$$00000004)
    __rt_entry_li                            0x0000015b   Thumb Code     0  __rtentry2.o(.ARM.Collect$$rtentry$$0000000A)
    __rt_entry_postsh_1                      0x0000015b   Thumb Code     0  __rtentry2.o(.ARM.Collect$$rtentry$$00000009)
    __rt_entry_main                          0x0000015f   Thumb Code     0  __rtentry2.o(.ARM.Collect$$rtentry$$0000000D)
    __rt_entry_postli_1                      0x0000015f   Thumb Code     0  __rtentry2.o(.ARM.Collect$$rtentry$$0000000C)
    __rt_exit                                0x00000167   Thumb Code     0  rtexit.o(.ARM.Collect$$rtexit$$00000000)
    __rt_exit_ls                             0x00000169   Thumb Code     0  rtexit2.o(.ARM.Collect$$rtexit$$00000003)
    __rt_exit_prels_1                        0x00000169   Thumb Code     0  rtexit2.o(.ARM.Collect$$rtexit$$00000002)
    __rt_exit_exit                           0x0000016d   Thumb Code     0  rtexit2.o(.ARM.Collect$$rtexit$$00000004)
    Reset_Handler                            0x00000175   Thumb Code     8  startup_mkl05z4.o(.text)
    NMI_Handler                              0x0000017d   Thumb Code     2  startup_mkl05z4.o(.text)
    HardFault_Handler                        0x0000017f   Thumb Code     2  startup_mkl05z4.o(.text)
    SVC_Handler                              0x00000181   Thumb Code     2  startup_mkl05z4.o(.text)
    PendSV_Handler                           0x00000183   Thumb Code     2  startup_mkl05z4.o(.text)
    SysTick_Handler                          0x00000185   Thumb Code     2  startup_mkl05z4.o(.text)
    CMP0_IRQHandler                          0x00000187   Thumb Code     0  startup_mkl05z4.o(.text)
    DAC0_IRQHandler                          0x00000187   Thumb Code     0  startup_mkl05z4.o(.text)
    DMA0_IRQHandler                          0x00000187   Thumb Code     0  startup_mkl05z4.o(.text)
    DMA1_IRQHandler                          0x00000187   Thumb Code     0  startup_mkl05z4.o(.text)
    DMA2_IRQHandler                          0x00000187   Thumb Code     0  startup_mkl05z4.o(.text)
    DMA3_IRQHandler                          0x00000187   Thumb Code     0  startup_mkl05z4.o(.text)
    DefaultISR                               0x00000187   Thumb Code     0  startup_mkl05z4.o(.text)
    FTFA_IRQHandler                          0x00000187   Thumb Code     0  startup_mkl05z4.o(.text)
    I2C0_IRQHandler                          0x00000187   Thumb Code     0  startup_mkl05z4.o(.text)
    LLW_IRQHandler                           0x00000187   Thumb Code     0  startup_mkl05z4.o(.text)
    LPTimer_IRQHandler                       0x00000187   Thumb Code     0  startup_mkl05z4.o(.text)
    LVD_LVW_IRQHandler                       0x00000187   Thumb Code     0  startup_mkl05z4.o(.text)
    MCG_IRQHandler                           0x00000187   Thumb Code     0  startup_mkl05z4.o(.text)
    PORTA_IRQHandler                         0x00000187   Thumb Code     0  startup_mkl05z4.o(.text)
    PORTB_IRQHandler                         0x00000187   Thumb Code     0  startup_mkl05z4.o(.text)
    RTC_IRQHandler                           0x00000187   Thumb Code     0  startup_mkl05z4.o(.text)
    RTC_Seconds_IRQHandler                   0x00000187   Thumb Code     0  startup_mkl05z4.o(.text)
    Reserved20_IRQHandler                    0x00000187   Thumb Code     0  startup_mkl05z4.o(.text)
    Reserved25_IRQHandler                    0x00000187   Thumb Code     0  startup_mkl05z4.o(.text)
    Reserved27_IRQHandler                    0x00000187   Thumb Code     0  startup_mkl05z4.o(.text)
    Reserved29_IRQHandler                    0x00000187   Thumb Code     0  startup_mkl05z4.o(.text)
    Reserved30_IRQHandler                    0x00000187   Thumb Code     0  startup_mkl05z4.o(.text)
    Reserved35_IRQHandler                    0x00000187   Thumb Code     0  startup_mkl05z4.o(.text)
    Reserved39_IRQHandler                    0x00000187   Thumb Code     0  startup_mkl05z4.o(.text)
    Reserved40_IRQHandler                    0x00000187   Thumb Code     0  startup_mkl05z4.o(.text)
    Reserved45_IRQHandler                    0x00000187   Thumb Code     0  startup_mkl05z4.o(.text)
    SPI0_IRQHandler                          0x00000187   Thumb Code     0  startup_mkl05z4.o(.text)
    TPM0_IRQHandler                          0x00000187   Thumb Code     0  startup_mkl05z4.o(.text)
    UART0_IRQHandler                         0x00000187   Thumb Code     0  startup_mkl05z4.o(.text)
    __user_initial_stackheap                 0x00000189   Thumb Code     0  startup_mkl05z4.o(.text)
    __2sprintf                               0x000001a9   Thumb Code    36  noretval__2sprintf.o(.text)
    __printf                                 0x000001d1   Thumb Code   108  __printf.o(.text)
    _printf_int_dec                          0x0000023d   Thumb Code    90  _printf_dec.o(.text)
    __use_two_region_memory                  0x000002a9   Thumb Code     2  heapauxi.o(.text)
    __rt_heap_escrow$2region                 0x000002ab   Thumb Code     2  heapauxi.o(.text)
    __rt_heap_expand$2region                 0x000002ad   Thumb Code     2  heapauxi.o(.text)
    __aeabi_f2iz                             0x000002af   Thumb Code     0  ffixi.o(.text)
    _ffix                                    0x000002af   Thumb Code    76  ffixi.o(.text)
    __aeabi_i2f_normalise                    0x000002fb   Thumb Code    72  fflti.o(.text)
    __aeabi_i2f                              0x00000343   Thumb Code    16  fflti.o(.text)
    _fflt                                    0x00000343   Thumb Code     0  fflti.o(.text)
    __aeabi_ui2f                             0x00000353   Thumb Code     6  fflti.o(.text)
    _ffltu                                   0x00000353   Thumb Code     0  fflti.o(.text)
    _printf_char_common                      0x00000363   Thumb Code    32  _printf_char_common.o(.text)
    _sputc                                   0x00000389   Thumb Code    10  _sputc.o(.text)
    __rt_udiv10                              0x00000393   Thumb Code    40  rtudiv10.o(.text)
    __user_setup_stackheap                   0x000003bb   Thumb Code    62  sys_stackheap_outer.o(.text)
    __user_libspace                          0x000003f9   Thumb Code     8  libspace.o(.text)
    __user_perproc_libspace                  0x000003f9   Thumb Code     0  libspace.o(.text)
    __user_perthread_libspace                0x000003f9   Thumb Code     0  libspace.o(.text)
    _printf_int_common                       0x00000411   Thumb Code   176  _printf_intcommon.o(.text)
    exit                                     0x000004c1   Thumb Code    16  exit.o(.text)
    _sys_exit                                0x000004d1   Thumb Code     8  sys_exit.o(.text)
    __I$use$semihosting                      0x000004dd   Thumb Code     0  use_no_semi.o(.text)
    __use_no_semihosting_swi                 0x000004dd   Thumb Code     2  use_no_semi.o(.text)
    __semihosting_library_function           0x000004df   Thumb Code     0  indicate_semi.o(.text)
    ADC0_IRQHandler                          0x000004e1   Thumb Code   120  main.o(.text.ADC0_IRQHandler)
    ADC_Init                                 0x00000559   Thumb Code   200  adc.o(.text.ADC_Init)
    I2C_Init                                 0x00000621   Thumb Code    76  i2c.o(.text.I2C_Init)
    I2C_Write                                0x0000066d   Thumb Code    64  i2c.o(.text.I2C_Write)
    LCD1602_Backlight                        0x000006ad   Thumb Code    16  lcd1602.o(.text.LCD1602_Backlight)
    LCD1602_CheckAddress                     0x000006bd   Thumb Code    48  lcd1602.o(.text.LCD1602_CheckAddress)
    LCD1602_Init                             0x000006ed   Thumb Code    76  lcd1602.o(.text.LCD1602_Init)
    LCD1602_Print                            0x00000739   Thumb Code    32  lcd1602.o(.text.LCD1602_Print)
    LCD1602_SetCursor                        0x00000759   Thumb Code    24  lcd1602.o(.text.LCD1602_SetCursor)
    LCD1602_Write4                           0x00000771   Thumb Code    40  lcd1602.o(.text.LCD1602_Write4)
    LCD1602_Write8                           0x00000799   Thumb Code    26  lcd1602.o(.text.LCD1602_Write8)
    LED_Blink                                0x000007b5   Thumb Code    52  led.o(.text.LED_Blink)
    LED_Ctrl                                 0x000007e9   Thumb Code    60  led.o(.text.LED_Ctrl)
    LED_Init                                 0x00000825   Thumb Code    64  led.o(.text.LED_Init)
    LED_Welcome                              0x00000865   Thumb Code    20  led.o(.text.LED_Welcome)
    PCF8574_Write                            0x00000879   Thumb Code    44  lcd1602.o(.text.PCF8574_Write)
    PIT_IRQHandler                           0x000008a5   Thumb Code    20  main.o(.text.PIT_IRQHandler)
    PIT_Init                                 0x000008b9   Thumb Code    68  pit.o(.text.PIT_Init)
    SystemInit                               0x000008fd   Thumb Code    76  system_mkl05z4.o(.text.SystemInit)
    TPM0_Init_PWM                            0x00000949   Thumb Code   128  tpm.o(.text.TPM0_Init_PWM)
    TPM0_SetVal_G                            0x000009c9   Thumb Code    20  tpm.o(.text.TPM0_SetVal_G)
    TPM0_SetVal_X                            0x000009dd   Thumb Code    20  tpm.o(.text.TPM0_SetVal_X)
    TPM0_SetVal_Y                            0x000009f1   Thumb Code    20  tpm.o(.text.TPM0_SetVal_Y)
    TPM0_SetVal_Z                            0x00000a05   Thumb Code    24  tpm.o(.text.TPM0_SetVal_Z)
    TPM1_IRQHandler                          0x00000a1d   Thumb Code    48  tpm.o(.text.TPM1_IRQHandler)
    TSI0_IRQHandler                          0x00000a4d   Thumb Code    32  tsi.o(.text.TSI0_IRQHandler)
    change_electrode                         0x00000ab9   Thumb Code    84  tsi.o(.text.change_electrode)
    i2c_clr_IICIF                            0x00000b0d   Thumb Code    12  i2c.o(.text.i2c_clr_IICIF)
    i2c_disable                              0x00000b19   Thumb Code    12  i2c.o(.text.i2c_disable)
    i2c_enable                               0x00000b25   Thumb Code    12  i2c.o(.text.i2c_enable)
    i2c_m_start                              0x00000b31   Thumb Code    12  i2c.o(.text.i2c_m_start)
    i2c_m_stop                               0x00000b3d   Thumb Code    12  i2c.o(.text.i2c_m_stop)
    i2c_send                                 0x00000b49   Thumb Code    12  i2c.o(.text.i2c_send)
    i2c_tran                                 0x00000b55   Thumb Code    16  i2c.o(.text.i2c_tran)
    i2c_wait                                 0x00000b65   Thumb Code    92  i2c.o(.text.i2c_wait)
    main                                     0x00000bc1   Thumb Code   412  main.o(.text.main)
    __aeabi_uidiv                            0x00000d5d   Thumb Code    68  aeabi_sdivfast.o(.text_divfast)
    __aeabi_idiv                             0x00000da1   Thumb Code   434  aeabi_sdivfast.o(.text_divfast)
    __aeabi_fadd                             0x00000f55   Thumb Code     0  faddsub.o(x$fpl$fadd)
    _fadd                                    0x00000f55   Thumb Code   134  faddsub.o(x$fpl$fadd)
    __aeabi_fmul                             0x00000fe1   Thumb Code     0  fmul.o(x$fpl$fmul)
    _fmul                                    0x00000fe1   Thumb Code   172  fmul.o(x$fpl$fmul)
    __aeabi_fsub                             0x00001091   Thumb Code     0  faddsub.o(x$fpl$fsub)
    _fsub                                    0x00001091   Thumb Code   204  faddsub.o(x$fpl$fsub)
    __I$use$fp                               0x00001160   Number         0  usenofp.o(x$fpl$usenofp)
    Region$$Table$$Base                      0x00001194   Number         0  anon$$obj.o(Region$$Table)
    Region$$Table$$Limit                     0x000011b4   Number         0  anon$$obj.o(Region$$Table)
    SystemCoreClock                          0x1ffffc00   Data           4  system_mkl05z4.o(.data.SystemCoreClock)
    volt_coeff                               0x1ffffc08   Data           4  main.o(.data.volt_coeff)
    __libspace_start                         0x1ffffc10   Data          96  libspace.o(.bss)
    __temporary_stack_top$libspace           0x1ffffc70   Data           0  libspace.o(.bss)
    i                                        0x1ffffc7a   Data           1  main.o(.bss.i)
    temp                                     0x1ffffc7e   Data           2  main.o(.bss.temp)
    wynik                                    0x1ffffc88   Data           4  main.o(.bss.wynik)
    wynik_ok                                 0x1ffffc8c   Data           1  main.o(.bss.wynik_ok)



==============================================================================

Memory Map of the image

  Image Entry point : 0x00000175

  Load Region LR_1 (Base: 0x00000000, Size: 0x000011c0, Max: 0xffffffff, ABSOLUTE)

    Execution Region ER_RO (Exec base: 0x00000000, Load base: 0x00000000, Size: 0x000011b4, Max: 0xffffffff, ABSOLUTE)

    Exec Addr    Load Addr    Size         Type   Attr      Idx    E Section Name        Object

    0x00000000   0x00000000   0x000000c0   Data   RO          197    RESET               startup_mkl05z4.o
    0x000000c0   0x000000c0   0x00000008   Code   RO          262  * !!!main             c_p.l(__main.o)
    0x000000c8   0x000000c8   0x0000003c   Code   RO          461    !!!scatter          c_p.l(__scatter.o)
    0x00000104   0x00000104   0x0000001a   Code   RO          463    !!handler_copy      c_p.l(__scatter_copy.o)
    0x0000011e   0x0000011e   0x00000002   PAD
    0x00000120   0x00000120   0x0000001c   Code   RO          465    !!handler_zi        c_p.l(__scatter_zi.o)
    0x0000013c   0x0000013c   0x00000002   Code   RO          251    .ARM.Collect$$_printf_percent$$00000000  c_p.l(_printf_percent.o)
    0x0000013e   0x0000013e   0x0000000a   Code   RO          250    .ARM.Collect$$_printf_percent$$00000008  c_p.l(_printf_i.o)
    0x00000148   0x00000148   0x00000004   Code   RO          287    .ARM.Collect$$_printf_percent$$00000017  c_p.l(_printf_percent_end.o)
    0x0000014c   0x0000014c   0x00000002   Code   RO          324    .ARM.Collect$$libinit$$00000000  c_p.l(libinit.o)
    0x0000014e   0x0000014e   0x00000000   Code   RO          338    .ARM.Collect$$libinit$$00000002  c_p.l(libinit2.o)
    0x0000014e   0x0000014e   0x00000000   Code   RO          340    .ARM.Collect$$libinit$$00000004  c_p.l(libinit2.o)
    0x0000014e   0x0000014e   0x00000000   Code   RO          343    .ARM.Collect$$libinit$$0000000A  c_p.l(libinit2.o)
    0x0000014e   0x0000014e   0x00000000   Code   RO          345    .ARM.Collect$$libinit$$0000000C  c_p.l(libinit2.o)
    0x0000014e   0x0000014e   0x00000000   Code   RO          347    .ARM.Collect$$libinit$$0000000E  c_p.l(libinit2.o)
    0x0000014e   0x0000014e   0x00000000   Code   RO          350    .ARM.Collect$$libinit$$00000011  c_p.l(libinit2.o)
    0x0000014e   0x0000014e   0x00000000   Code   RO          352    .ARM.Collect$$libinit$$00000013  c_p.l(libinit2.o)
    0x0000014e   0x0000014e   0x00000000   Code   RO          354    .ARM.Collect$$libinit$$00000015  c_p.l(libinit2.o)
    0x0000014e   0x0000014e   0x00000000   Code   RO          356    .ARM.Collect$$libinit$$00000017  c_p.l(libinit2.o)
    0x0000014e   0x0000014e   0x00000000   Code   RO          358    .ARM.Collect$$libinit$$00000019  c_p.l(libinit2.o)
    0x0000014e   0x0000014e   0x00000000   Code   RO          360    .ARM.Collect$$libinit$$0000001B  c_p.l(libinit2.o)
    0x0000014e   0x0000014e   0x00000000   Code   RO          362    .ARM.Collect$$libinit$$0000001D  c_p.l(libinit2.o)
    0x0000014e   0x0000014e   0x00000000   Code   RO          364    .ARM.Collect$$libinit$$0000001F  c_p.l(libinit2.o)
    0x0000014e   0x0000014e   0x00000000   Code   RO          366    .ARM.Collect$$libinit$$00000021  c_p.l(libinit2.o)
    0x0000014e   0x0000014e   0x00000000   Code   RO          368    .ARM.Collect$$libinit$$00000023  c_p.l(libinit2.o)
    0x0000014e   0x0000014e   0x00000000   Code   RO          370    .ARM.Collect$$libinit$$00000025  c_p.l(libinit2.o)
    0x0000014e   0x0000014e   0x00000000   Code   RO          374    .ARM.Collect$$libinit$$0000002C  c_p.l(libinit2.o)
    0x0000014e   0x0000014e   0x00000000   Code   RO          376    .ARM.Collect$$libinit$$0000002E  c_p.l(libinit2.o)
    0x0000014e   0x0000014e   0x00000000   Code   RO          378    .ARM.Collect$$libinit$$00000030  c_p.l(libinit2.o)
    0x0000014e   0x0000014e   0x00000000   Code   RO          380    .ARM.Collect$$libinit$$00000032  c_p.l(libinit2.o)
    0x0000014e   0x0000014e   0x00000002   Code   RO          381    .ARM.Collect$$libinit$$00000033  c_p.l(libinit2.o)
    0x00000150   0x00000150   0x00000002   Code   RO          416    .ARM.Collect$$libshutdown$$00000000  c_p.l(libshutdown.o)
    0x00000152   0x00000152   0x00000000   Code   RO          444    .ARM.Collect$$libshutdown$$00000002  c_p.l(libshutdown2.o)
    0x00000152   0x00000152   0x00000000   Code   RO          446    .ARM.Collect$$libshutdown$$00000004  c_p.l(libshutdown2.o)
    0x00000152   0x00000152   0x00000000   Code   RO          449    .ARM.Collect$$libshutdown$$00000007  c_p.l(libshutdown2.o)
    0x00000152   0x00000152   0x00000000   Code   RO          452    .ARM.Collect$$libshutdown$$0000000A  c_p.l(libshutdown2.o)
    0x00000152   0x00000152   0x00000000   Code   RO          454    .ARM.Collect$$libshutdown$$0000000C  c_p.l(libshutdown2.o)
    0x00000152   0x00000152   0x00000000   Code   RO          457    .ARM.Collect$$libshutdown$$0000000F  c_p.l(libshutdown2.o)
    0x00000152   0x00000152   0x00000002   Code   RO          458    .ARM.Collect$$libshutdown$$00000010  c_p.l(libshutdown2.o)
    0x00000154   0x00000154   0x00000000   Code   RO          276    .ARM.Collect$$rtentry$$00000000  c_p.l(__rtentry.o)
    0x00000154   0x00000154   0x00000000   Code   RO          292    .ARM.Collect$$rtentry$$00000002  c_p.l(__rtentry2.o)
    0x00000154   0x00000154   0x00000006   Code   RO          304    .ARM.Collect$$rtentry$$00000004  c_p.l(__rtentry4.o)
    0x0000015a   0x0000015a   0x00000000   Code   RO          294    .ARM.Collect$$rtentry$$00000009  c_p.l(__rtentry2.o)
    0x0000015a   0x0000015a   0x00000004   Code   RO          295    .ARM.Collect$$rtentry$$0000000A  c_p.l(__rtentry2.o)
    0x0000015e   0x0000015e   0x00000000   Code   RO          297    .ARM.Collect$$rtentry$$0000000C  c_p.l(__rtentry2.o)
    0x0000015e   0x0000015e   0x00000008   Code   RO          298    .ARM.Collect$$rtentry$$0000000D  c_p.l(__rtentry2.o)
    0x00000166   0x00000166   0x00000002   Code   RO          329    .ARM.Collect$$rtexit$$00000000  c_p.l(rtexit.o)
    0x00000168   0x00000168   0x00000000   Code   RO          387    .ARM.Collect$$rtexit$$00000002  c_p.l(rtexit2.o)
    0x00000168   0x00000168   0x00000004   Code   RO          388    .ARM.Collect$$rtexit$$00000003  c_p.l(rtexit2.o)
    0x0000016c   0x0000016c   0x00000006   Code   RO          389    .ARM.Collect$$rtexit$$00000004  c_p.l(rtexit2.o)
    0x00000172   0x00000172   0x00000002   PAD
    0x00000174   0x00000174   0x00000034   Code   RO          199  * .text               startup_mkl05z4.o
    0x000001a8   0x000001a8   0x00000028   Code   RO          224    .text               c_p.l(noretval__2sprintf.o)
    0x000001d0   0x000001d0   0x0000006c   Code   RO          226    .text               c_p.l(__printf.o)
    0x0000023c   0x0000023c   0x0000006c   Code   RO          228    .text               c_p.l(_printf_dec.o)
    0x000002a8   0x000002a8   0x00000006   Code   RO          260    .text               c_p.l(heapauxi.o)
    0x000002ae   0x000002ae   0x0000004c   Code   RO          270    .text               fz_ps.l(ffixi.o)
    0x000002fa   0x000002fa   0x0000005e   Code   RO          272    .text               fz_ps.l(fflti.o)
    0x00000358   0x00000358   0x00000030   Code   RO          283    .text               c_p.l(_printf_char_common.o)
    0x00000388   0x00000388   0x0000000a   Code   RO          285    .text               c_p.l(_sputc.o)
    0x00000392   0x00000392   0x00000028   Code   RO          288    .text               c_p.l(rtudiv10.o)
    0x000003ba   0x000003ba   0x0000003e   Code   RO          310    .text               c_p.l(sys_stackheap_outer.o)
    0x000003f8   0x000003f8   0x00000008   Code   RO          325    .text               c_p.l(libspace.o)
    0x00000400   0x00000400   0x00000010   Code   RO          198    .ARM.__at_0x400     startup_mkl05z4.o
    0x00000410   0x00000410   0x000000b0   Code   RO          281    .text               c_p.l(_printf_intcommon.o)
    0x000004c0   0x000004c0   0x00000010   Code   RO          313    .text               c_p.l(exit.o)
    0x000004d0   0x000004d0   0x0000000c   Code   RO          382    .text               c_p.l(sys_exit.o)
    0x000004dc   0x000004dc   0x00000002   Code   RO          405    .text               c_p.l(use_no_semi.o)
    0x000004de   0x000004de   0x00000000   Code   RO          407    .text               c_p.l(indicate_semi.o)
    0x000004de   0x000004de   0x00000002   PAD
    0x000004e0   0x000004e0   0x00000078   Code   RO           88    .text.ADC0_IRQHandler  main.o
    0x00000558   0x00000558   0x000000c8   Code   RO          182    .text.ADC_Init      adc.o
    0x00000620   0x00000620   0x0000004c   Code   RO            2    .text.I2C_Init      i2c.o
    0x0000066c   0x0000066c   0x00000040   Code   RO           20    .text.I2C_Write     i2c.o
    0x000006ac   0x000006ac   0x00000010   Code   RO           51    .text.LCD1602_Backlight  lcd1602.o
    0x000006bc   0x000006bc   0x00000030   Code   RO           37    .text.LCD1602_CheckAddress  lcd1602.o
    0x000006ec   0x000006ec   0x0000004c   Code   RO           35    .text.LCD1602_Init  lcd1602.o
    0x00000738   0x00000738   0x00000020   Code   RO           45    .text.LCD1602_Print  lcd1602.o
    0x00000758   0x00000758   0x00000018   Code   RO           41    .text.LCD1602_SetCursor  lcd1602.o
    0x00000770   0x00000770   0x00000028   Code   RO           55    .text.LCD1602_Write4  lcd1602.o
    0x00000798   0x00000798   0x0000001a   Code   RO           39    .text.LCD1602_Write8  lcd1602.o
    0x000007b2   0x000007b2   0x00000002   PAD
    0x000007b4   0x000007b4   0x00000034   Code   RO           71    .text.LED_Blink     led.o
    0x000007e8   0x000007e8   0x0000003c   Code   RO           69    .text.LED_Ctrl      led.o
    0x00000824   0x00000824   0x00000040   Code   RO           67    .text.LED_Init      led.o
    0x00000864   0x00000864   0x00000014   Code   RO           73    .text.LED_Welcome   led.o
    0x00000878   0x00000878   0x0000002c   Code   RO           53    .text.PCF8574_Write  lcd1602.o
    0x000008a4   0x000008a4   0x00000014   Code   RO           84    .text.PIT_IRQHandler  main.o
    0x000008b8   0x000008b8   0x00000044   Code   RO          106    .text.PIT_Init      pit.o
    0x000008fc   0x000008fc   0x0000004c   Code   RO          208    .text.SystemInit    system_mkl05z4.o
    0x00000948   0x00000948   0x00000080   Code   RO          128    .text.TPM0_Init_PWM  tpm.o
    0x000009c8   0x000009c8   0x00000014   Code   RO          138    .text.TPM0_SetVal_G  tpm.o
    0x000009dc   0x000009dc   0x00000014   Code   RO          132    .text.TPM0_SetVal_X  tpm.o
    0x000009f0   0x000009f0   0x00000014   Code   RO          134    .text.TPM0_SetVal_Y  tpm.o
    0x00000a04   0x00000a04   0x00000018   Code   RO          136    .text.TPM0_SetVal_Z  tpm.o
    0x00000a1c   0x00000a1c   0x00000030   Code   RO          140    .text.TPM1_IRQHandler  tpm.o
    0x00000a4c   0x00000a4c   0x00000020   Code   RO          167    .text.TSI0_IRQHandler  tsi.o
    0x00000a6c   0x00000a6c   0x00000014   Code   RO           86    .text.__NVIC_ClearPendingIRQ  main.o
    0x00000a80   0x00000a80   0x0000000c   Code   RO          108    .text.__NVIC_ClearPendingIRQ  pit.o
    0x00000a8c   0x00000a8c   0x00000010   Code   RO          184    .text.__NVIC_ClearPendingIRQ  adc.o
    0x00000a9c   0x00000a9c   0x0000000c   Code   RO          110    .text.__NVIC_EnableIRQ  pit.o
    0x00000aa8   0x00000aa8   0x00000010   Code   RO          186    .text.__NVIC_EnableIRQ  adc.o
    0x00000ab8   0x00000ab8   0x00000054   Code   RO          165    .text.change_electrode  tsi.o
    0x00000b0c   0x00000b0c   0x0000000c   Code   RO           24    .text.i2c_clr_IICIF  i2c.o
    0x00000b18   0x00000b18   0x0000000c   Code   RO           18    .text.i2c_disable   i2c.o
    0x00000b24   0x00000b24   0x0000000c   Code   RO            6    .text.i2c_enable    i2c.o
    0x00000b30   0x00000b30   0x0000000c   Code   RO           10    .text.i2c_m_start   i2c.o
    0x00000b3c   0x00000b3c   0x0000000c   Code   RO           16    .text.i2c_m_stop    i2c.o
    0x00000b48   0x00000b48   0x0000000c   Code   RO           12    .text.i2c_send      i2c.o
    0x00000b54   0x00000b54   0x00000010   Code   RO            8    .text.i2c_tran      i2c.o
    0x00000b64   0x00000b64   0x0000005c   Code   RO           14    .text.i2c_wait      i2c.o
    0x00000bc0   0x00000bc0   0x0000019c   Code   RO           90    .text.main          main.o
    0x00000d5c   0x00000d5c   0x000001f6   Code   RO          253    .text_divfast       c_p.l(aeabi_sdivfast.o)
    0x00000f52   0x00000f52   0x00000002   PAD
    0x00000f54   0x00000f54   0x0000008c   Code   RO          264    x$fpl$fadd          fz_ps.l(faddsub.o)
    0x00000fe0   0x00000fe0   0x000000b0   Code   RO          274    x$fpl$fmul          fz_ps.l(fmul.o)
    0x00001090   0x00001090   0x000000d0   Code   RO          266    x$fpl$fsub          fz_ps.l(faddsub.o)
    0x00001160   0x00001160   0x00000000   Code   RO          290    x$fpl$usenofp       fz_ps.l(usenofp.o)
    0x00001160   0x00001160   0x00000002   Data   RO          171    .rodata.elec_array  tsi.o
    0x00001162   0x00001162   0x00000002   PAD
    0x00001164   0x00001164   0x00000030   Data   RO           75    .rodata.led         led.o
    0x00001194   0x00001194   0x00000020   Data   RO          460    Region$$Table       anon$$obj.o


    Execution Region ER_RW (Exec base: 0x1ffffc00, Load base: 0x000011b4, Size: 0x0000000c, Max: 0xffffffff, ABSOLUTE)

    Exec Addr    Load Addr    Size         Type   Attr      Idx    E Section Name        Object

    0x1ffffc00   0x000011b4   0x00000004   Data   RW          212    .data.SystemCoreClock  system_mkl05z4.o
    0x1ffffc04   0x000011b8   0x00000001   Data   RW           57    .data.lcd_backlight  lcd1602.o
    0x1ffffc05   0x000011b9   0x00000003   PAD
    0x1ffffc08   0x000011bc   0x00000004   Data   RW           92    .data.volt_coeff    main.o


    Execution Region ER_ZI (Exec base: 0x1ffffc10, Load base: 0x000011c0, Size: 0x00000380, Max: 0xffffffff, ABSOLUTE)

    Exec Addr    Load Addr    Size         Type   Attr      Idx    E Section Name        Object

    0x1ffffc10        -       0x00000060   Zero   RW          326    .bss                c_p.l(libspace.o)
    0x1ffffc70        -       0x00000001   Zero   RW          169    .bss.end_flag       tsi.o
    0x1ffffc71        -       0x00000001   Zero   RW           26    .bss.error          i2c.o
    0x1ffffc72        -       0x00000004   Zero   RW          172    .bss.gu16Baseline   tsi.o
    0x1ffffc76        -       0x00000004   Zero   RW          170    .bss.gu16Delta      tsi.o
    0x1ffffc7a        -       0x00000001   Zero   RW           94    .bss.i              main.o
    0x1ffffc7b        -       0x00000001   Zero   RW          173    .bss.ongoing_elec   tsi.o
    0x1ffffc7c        -       0x00000001   Zero   RW           58    .bss.pcf_address    lcd1602.o
    0x1ffffc7d   0x000011c0   0x00000001   PAD
    0x1ffffc7e        -       0x00000002   Zero   RW           95    .bss.temp           main.o
    0x1ffffc80        -       0x00000001   Zero   RW          142    .bss.tpm0Enabled    tpm.o
    0x1ffffc81   0x000011c0   0x00000001   PAD
    0x1ffffc82        -       0x00000002   Zero   RW          143    .bss.tpm1Diff       tpm.o
    0x1ffffc84        -       0x00000002   Zero   RW          144    .bss.tpm1New        tpm.o
    0x1ffffc86   0x000011c0   0x00000002   PAD
    0x1ffffc88        -       0x00000004   Zero   RW           96    .bss.wynik          main.o
    0x1ffffc8c        -       0x00000001   Zero   RW           93    .bss.wynik_ok       main.o
    0x1ffffc8d   0x000011c0   0x00000003   PAD
    0x1ffffc90        -       0x00000000   Zero   RW          196    HEAP                startup_mkl05z4.o
    0x1ffffc90        -       0x00000300   Zero   RW          195    STACK               startup_mkl05z4.o


==============================================================================

Image component sizes


      Code (inc. data)   RO Data    RW Data    ZI Data      Debug   Object Name

       232         24          0          0          0       3615   adc.o
       320         36          0          0          1       3251   i2c.o
       306         16          0          1          1       3101   lcd1602.o
       196         12         48          0          0       2980   led.o
       572        120          0          4          8       3576   main.o
        92         16          0          0          0       3190   pit.o
        68         38        192          0        768        840   startup_mkl05z4.o
        76         16          0          4          0       2325   system_mkl05z4.o
       260         48          0          0          5       4940   tpm.o
       116         28          2          0         10       4734   tsi.o

    ----------------------------------------------------------------------
      2240        354        276         12        800      32552   Object Totals
         0          0         32          0          0          0   (incl. Generated)
         2          0          2          3          7          0   (incl. Padding)

    ----------------------------------------------------------------------

      Code (inc. data)   RO Data    RW Data    ZI Data      Debug   Library Member Name

         8          0          0          0          0         68   __main.o
       108          0          0          0          0         76   __printf.o
         0          0          0          0          0          0   __rtentry.o
        12          0          0          0          0          0   __rtentry2.o
         6          0          0          0          0          0   __rtentry4.o
        60          8          0          0          0          0   __scatter.o
        26          0          0          0          0          0   __scatter_copy.o
        28          0          0          0          0          0   __scatter_zi.o
        48          6          0          0          0         88   _printf_char_common.o
       108         18          0          0          0         76   _printf_dec.o
        10          0          0          0          0          0   _printf_i.o
       176          0          0          0          0         84   _printf_intcommon.o
         2          0          0          0          0          0   _printf_percent.o
         4          0          0          0          0          0   _printf_percent_end.o
        10          0          0          0          0         60   _sputc.o
       502          0          0          0          0         92   aeabi_sdivfast.o
        16          0          0          0          0         68   exit.o
         6          0          0          0          0        136   heapauxi.o
         0          0          0          0          0          0   indicate_semi.o
         2          0          0          0          0          0   libinit.o
         2          0          0          0          0          0   libinit2.o
         2          0          0          0          0          0   libshutdown.o
         2          0          0          0          0          0   libshutdown2.o
         8          4          0          0         96         68   libspace.o
        40          4          0          0          0         84   noretval__2sprintf.o
         2          0          0          0          0          0   rtexit.o
        10          0          0          0          0          0   rtexit2.o
        40          0          0          0          0         60   rtudiv10.o
        12          4          0          0          0         60   sys_exit.o
        62          0          0          0          0         80   sys_stackheap_outer.o
         2          0          0          0          0         68   use_no_semi.o
       348          8          0          0          0        160   faddsub.o
        76          0          0          0          0         68   ffixi.o
        94          0          0          0          0         92   fflti.o
       176          4          0          0          0         80   fmul.o
         0          0          0          0          0          0   usenofp.o

    ----------------------------------------------------------------------
      2016         56          0          0         96       1568   Library Totals
         8          0          0          0          0          0   (incl. Padding)

    ----------------------------------------------------------------------

      Code (inc. data)   RO Data    RW Data    ZI Data      Debug   Library Name

      1314         44          0          0         96       1168   c_p.l
       694         12          0          0          0        400   fz_ps.l

    ----------------------------------------------------------------------
      2016         56          0          0         96       1568   Library Totals

    ----------------------------------------------------------------------

==============================================================================


      Code (inc. data)   RO Data    RW Data    ZI Data      Debug   

      4256        410        276         12        896      33296   Grand Totals
      4256        410        276         12        896      33296   ELF Image Totals
      4256        410        276         12          0          0   ROM Totals

==============================================================================

    Total RO  Size (Code + RO Data)                 4532 (   4.43kB)
    Total RW  Size (RW Data + ZI Data)               908 (   0.89kB)
    Total ROM Size (Code + RO Data + RW Data)       4544 (   4.44kB)

==============================================================================

