<html>
<body>
<pre>
<h1>µVision Build Log</h1>
<h2>Tool Versions:</h2>
IDE-Version: µVision V5.32.0.0
Copyright (C) 2020 ARM Ltd and ARM Germany GmbH. All rights reserved.
License Information: Piotr Rusinek, AGH University of Science and Technology, LIC=----
 
Tool Versions:
Toolchain:       MDK-Lite  Version: 5.32.0.0
Toolchain Path:  C:\Keil_v5\ARM\ARMCLANG\Bin
C Compiler:      ArmClang.exe V6.14.1
Assembler:       Armasm.exe V6.14.1
Linker/Locator:  ArmLink.exe V6.14.1
Library Manager: ArmAr.exe V6.14.1
Hex Converter:   FromElf.exe V6.14.1
CPU DLL:         SARMCM3.DLL V5.32.0.0
Dialog DLL:      DARMCM1.DLL V1.19.4.0
Target DLL:      Segger\JL2CM3.dll V2.99.38.0
Dialog DLL:      TARMCM1.DLL V1.14.3.0
 
<h2>Project:</h2>
C:\Users\piotr\Documents\uVision\robot_arm\robot_arm.uvprojx
Project File Date:  01/23/2024

<h2>Output:</h2>
*** Using Compiler 'V6.14.1', folder: 'C:\Keil_v5\ARM\ARMCLANG\Bin'
Build target 'Target 1'
main.c(33): warning: no previous extern declaration for non-static variable 'volt_coeff' [-Wmissing-variable-declarations]
float volt_coeff = ((float)(((float)2.91) / 4095) );                    // Wsp<F3>lczynnik korekcji wyniku, w stosunku do napiecia referencyjnego przetwornika
      ^
main.c(33): note: declare 'static' if the variable is not intended to be used outside of this translation unit
float volt_coeff = ((float)(((float)2.91) / 4095) );                    // Wsp<F3>lczynnik korekcji wyniku, w stosunku do napiecia referencyjnego przetwornika
^
main.c(34): warning: no previous extern declaration for non-static variable 'wynik_ok' [-Wmissing-variable-declarations]
uint8_t wynik_ok=0;
        ^
main.c(34): note: declare 'static' if the variable is not intended to be used outside of this translation unit
uint8_t wynik_ok=0;
^
main.c(37): warning: no previous extern declaration for non-static variable 'i' [-Wmissing-variable-declarations]
uint8_t i = 0;
        ^
main.c(37): note: declare 'static' if the variable is not intended to be used outside of this translation unit
uint8_t i = 0;
^
main.c(39): warning: no previous prototype for function 'PIT_IRQHandler' [-Wmissing-prototypes]
void PIT_IRQHandler()
     ^
main.c(39): note: declare 'static' if the function is not intended to be used outside of this translation unit
void PIT_IRQHandler()
^
static 
main.c(48): warning: implicit conversion loses integer precision: 'const volatile uint32_t' (aka 'const volatile unsigned int') to 'uint16_t' (aka 'unsigned short') [-Wimplicit-int-conversion]
        temp = ADC0->R[0];              // Odczyt danej i skasowanie flagi COCO
             ~ ^~~~~~~~~~
C:/Users/piotr/AppData/Local/Arm/Packs/Keil/Kinetis_KLxx_DFP/1.15.0/Device/Include\MKL05Z4.h(336): note: expanded from macro 'ADC0'
#define ADC0                                     ((ADC_Type *)ADC0_BASE)
                                                 ^
main.c(46): warning: no previous prototype for function 'ADC0_IRQHandler' [-Wmissing-prototypes]
void ADC0_IRQHandler()
     ^
main.c(46): note: declare 'static' if the function is not intended to be used outside of this translation unit
void ADC0_IRQHandler()
^
static 
main.c(122): warning: implicit conversion changes signedness: 'int' to 'uint32_t' (aka 'unsigned int') [-Wsign-conversion]
                                TPM0_SetVal_G((int)(7500-(wynik*259+188)));
                                ~~~~~~~~~~~~~ ^~~~~~~~~~~~~~~~~~~~~~~~~~~
main.c(128): warning: implicit conversion changes signedness: 'int' to 'uint32_t' (aka 'unsigned int') [-Wsign-conversion]
                                TPM0_SetVal_X((int)(7500-(wynik*259+188)));
                                ~~~~~~~~~~~~~ ^~~~~~~~~~~~~~~~~~~~~~~~~~~
main.c(134): warning: implicit conversion changes signedness: 'int' to 'uint32_t' (aka 'unsigned int') [-Wsign-conversion]
                                TPM0_SetVal_Y((int)(7500-(wynik*259+188)));
                                ~~~~~~~~~~~~~ ^~~~~~~~~~~~~~~~~~~~~~~~~~~
main.c(140): warning: implicit conversion changes signedness: 'int' to 'uint32_t' (aka 'unsigned int') [-Wsign-conversion]
                                TPM0_SetVal_Z((int)(7500-(wynik*259+188)));
                                ~~~~~~~~~~~~~ ^~~~~~~~~~~~~~~~~~~~~~~~~~~
main.c(35): warning: no previous extern declaration for non-static variable 'temp' [-Wmissing-variable-declarations]
uint16_t temp;
         ^
main.c(35): note: declare 'static' if the variable is not intended to be used outside of this translation unit
uint16_t temp;
^
main.c(36): warning: no previous extern declaration for non-static variable 'wynik' [-Wmissing-variable-declarations]
float   wynik;
        ^
main.c(36): note: declare 'static' if the variable is not intended to be used outside of this translation unit
float   wynik;
^
main.c(27): warning: unused variable 'sliderVal' [-Wunused-variable]
static uint8_t sliderVal = 50;
               ^
main.c(28): warning: unused variable 'sliderOld' [-Wunused-variable]
static uint8_t sliderOld = 0;
               ^
main.c(29): warning: unused variable 'msTicks' [-Wunused-variable]
static uint8_t msTicks = 0;
               ^
main.c(30): warning: unused variable 'newTick' [-Wunused-variable]
static uint8_t newTick = 0;
               ^
16 warnings generated.
compiling main.c...
linking...
Program Size: Code=4256 RO-data=276 RW-data=12 ZI-data=896  
".\Objects\robot_arm.axf" - 0 Error(s), 16 Warning(s).

<h2>Software Packages used:</h2>

Package Vendor: ARM
                http://www.keil.com/pack/ARM.CMSIS.5.9.0.pack
                ARM.CMSIS.5.9.0
                CMSIS (Common Microcontroller Software Interface Standard)
   * Component: CORE Version: 5.6.0

Package Vendor: Keil
                http://www.keil.com/pack/Keil.Kinetis_KLxx_DFP.1.15.0.pack
                Keil.Kinetis_KLxx_DFP.1.15.0
                NXP Kinetis KLxx Series Device Support and Examples
   * Component: Startup Version: 1.0.0

<h2>Collection of Component include folders:</h2>
  .\RTE\_Target_1
  C:\Users\piotr\AppData\Local\Arm\Packs\ARM\CMSIS\5.9.0\CMSIS\Core\Include
  C:\Users\piotr\AppData\Local\Arm\Packs\Keil\Kinetis_KLxx_DFP\1.15.0\Device\Include

<h2>Collection of Component Files used:</h2>

   * Component: ARM::CMSIS:CORE:5.6.0

   * Component: Keil::Device:Startup:1.0.0
      Source file:   Device\Source\ARM\startup_MKL05Z4.s
      Source file:   Device\Source\system_MKL05Z4.c
Build Time Elapsed:  00:00:04
</pre>
</body>
</html>
